Component: ARM Compiler 5.06 update 6 (build 750) Tool: armlink [4d35ed]

==============================================================================

Section Cross References

    main.o(.text) refers to systick.o(.text) for Delay_mss
    main.o(.text) refers to usart.o(.text) for SZ_STM32_COMInit
    main.o(.text) refers to lcd.o(.text) for SZ_STM32_LCDInit
    main.o(.text) refers to touch.o(.text) for Touch_Configuration
    main.o(.text) refers to bee.o(.text) for BEE_init
    main.o(.text) refers to systemui.o(.text) for UI_Refresh
    main.o(.text) refers to dht11.o(.text) for dht11_hum_value
    main.o(.text) refers to stm32f10x_usart.o(.text) for USART_GetITStatus
    main.o(.text) refers to main.o(.data) for .data
    main.o(.text) refers to main.o(.bss) for .bss
    fonts.o(.data) refers to fonts.o(.data) for ASCII24X48_Table
    fonts.o(.data) refers to fonts.o(.constdata) for ASCII16x24_Table
    fonts.o(.data) refers to fonts.o(.data) for ASCII12x24_Table
    fonts.o(.data) refers to fonts.o(.data) for ASCII8x16_Table
    fonts.o(.data) refers to fonts.o(.constdata) for ASCII8x12_Table
    fonts.o(.data) refers to fonts.o(.constdata) for ASCII8x8_Table
    fonts.o(.data) refers to fonts.o(.data) for Font24x48
    fonts.o(.data) refers to fonts.o(.data) for Font16x24
    fonts.o(.data) refers to fonts.o(.data) for Font12x24
    fonts.o(.data) refers to fonts.o(.data) for Font8x16
    fonts.o(.data) refers to fonts.o(.data) for Font8x12
    fonts.o(.data) refers to fonts.o(.data) for Font8x8
    lcd.o(.text) refers to _printf_percent.o(.ARM.Collect$$_printf_percent$$00000000) for _printf_percent
    lcd.o(.text) refers to _printf_d.o(.ARM.Collect$$_printf_percent$$00000009) for _printf_d
    lcd.o(.text) refers to _printf_dec.o(.text) for _printf_int_dec
    lcd.o(.text) refers to stm32f10x_gpio.o(.text) for GPIO_Init
    lcd.o(.text) refers to stm32f10x_rcc.o(.text) for RCC_APB2PeriphClockCmd
    lcd.o(.text) refers to lcd.o(.data) for .data
    lcd.o(.text) refers to rt_memclr_w.o(.text) for __aeabi_memclr4
    lcd.o(.text) refers to noretval__2sprintf.o(.text) for __2sprintf
    lcd.o(.text) refers to lcd.o(.constdata) for .constdata
    systemui.o(.text) refers to strlen.o(.text) for strlen
    systemui.o(.text) refers to dflt_clz.o(x$fpl$dflt) for __aeabi_i2d
    systemui.o(.text) refers to pow.o(i.pow) for pow
    systemui.o(.text) refers to dmul.o(x$fpl$dmul) for __aeabi_dmul
    systemui.o(.text) refers to daddsub_clz.o(x$fpl$dadd) for __aeabi_dadd
    systemui.o(.text) refers to dfix.o(x$fpl$dfix) for __aeabi_d2iz
    systemui.o(.text) refers to lcd.o(.text) for LCD_SetFont
    systemui.o(.text) refers to fonts.o(.data) for Font16x24
    systemui.o(.text) refers to systemui.o(.constdata) for .constdata
    systemui.o(.text) refers to fonts.o(.data) for Font8x8
    systemui.o(.text) refers to fonts.o(.data) for Font12x24
    systemui.o(.text) refers to fonts.o(.data) for Font24x48
    hw_config.o(.text) refers to stm32f10x_rcc.o(.text) for RCC_APB2PeriphClockCmd
    hw_config.o(.text) refers to stm32f10x_gpio.o(.text) for GPIO_Init
    hw_config.o(.text) refers to stm32f10x_usart.o(.text) for USART_Init
    touch.o(.text) refers to stm32f10x_rcc.o(.text) for RCC_APB2PeriphClockCmd
    touch.o(.text) refers to stm32f10x_gpio.o(.text) for GPIO_PinRemapConfig
    touch.o(.text) refers to stm32f10x_spi.o(.text) for SPI_Init
    touch.o(.text) refers to lcd.o(.text) for LCD_DrawLine
    touch.o(.text) refers to fflt_clz.o(x$fpl$fflt) for __aeabi_i2f
    touch.o(.text) refers to fflt_clz.o(x$fpl$ffltu) for __aeabi_ui2f
    touch.o(.text) refers to fmul.o(x$fpl$fmul) for __aeabi_fmul
    touch.o(.text) refers to faddsub_clz.o(x$fpl$fadd) for __aeabi_fadd
    touch.o(.text) refers to ffixu.o(x$fpl$ffixu) for __aeabi_f2uiz
    touch.o(.text) refers to dflt_clz.o(x$fpl$dfltu) for __aeabi_ui2d
    touch.o(.text) refers to sqrt.o(i.sqrt) for sqrt
    touch.o(.text) refers to touch.o(.data) for .data
    touch.o(.text) refers to dfixu.o(x$fpl$dfixu) for __aeabi_d2uiz
    touch.o(.text) refers to fdiv.o(x$fpl$fdiv) for __aeabi_fdiv
    touch.o(.text) refers to faddsub_clz.o(x$fpl$frsb) for __aeabi_frsub
    touch.o(.text) refers to scalbnf.o(x$fpl$scalbnf) for __ARM_scalbnf
    touch.o(.text) refers to ffix.o(x$fpl$ffix) for __aeabi_f2iz
    usart.o(.text) refers to _printf_percent.o(.ARM.Collect$$_printf_percent$$00000000) for _printf_percent
    usart.o(.text) refers to _printf_d.o(.ARM.Collect$$_printf_percent$$00000009) for _printf_d
    usart.o(.text) refers to _printf_dec.o(.text) for _printf_int_dec
    usart.o(.text) refers to stm32f10x_rcc.o(.text) for RCC_APB2PeriphClockCmd
    usart.o(.text) refers to stm32f10x_gpio.o(.text) for GPIO_Init
    usart.o(.text) refers to stm32f10x_usart.o(.text) for USART_Init
    usart.o(.text) refers to misc.o(.text) for NVIC_PriorityGroupConfig
    usart.o(.text) refers to stm32f10x_dma.o(.text) for DMA_Init
[...]
    !!!main                                  0x08000150   Section        8  __main.o(!!!main)
    !!!scatter                               0x08000158   Section       52  __scatter.o(!!!scatter)
    !!dclz77c                                0x0800018c   Section      100  __dclz77c.o(!!dclz77c)
    !!handler_zi                             0x080001f0   Section       28  __scatter_zi.o(!!handler_zi)
    .ARM.Collect$$_printf_percent$$00000000  0x0800020c   Section        0  _printf_percent.o(.ARM.Collect$$_printf_percent$$00000000)
    .ARM.Collect$$_printf_percent$$00000009  0x0800020c   Section        6  _printf_d.o(.ARM.Collect$$_printf_percent$$00000009)
    .ARM.Collect$$_printf_percent$$00000017  0x08000212   Section        4  _printf_percent_end.o(.ARM.Collect$$_printf_percent$$00000017)
    .ARM.Collect$$libinit$$00000000          0x08000216   Section        2  libinit.o(.ARM.Collect$$libinit$$00000000)
    .ARM.Collect$$libinit$$00000002          0x08000218   Section        0  libinit2.o(.ARM.Collect$$libinit$$00000002)
    .ARM.Collect$$libinit$$00000004          0x08000218   Section        0  libinit2.o(.ARM.Collect$$libinit$$00000004)
    .ARM.Collect$$libinit$$0000000A          0x08000218   Section        0  libinit2.o(.ARM.Collect$$libinit$$0000000A)
    .ARM.Collect$$libinit$$0000000C          0x08000218   Section        0  libinit2.o(.ARM.Collect$$libinit$$0000000C)
    .ARM.Collect$$libinit$$0000000E          0x08000218   Section        0  libinit2.o(.ARM.Collect$$libinit$$0000000E)
    .ARM.Collect$$libinit$$00000011          0x08000218   Section        0  libinit2.o(.ARM.Collect$$libinit$$00000011)
    .ARM.Collect$$libinit$$00000013          0x08000218   Section        0  libinit2.o(.ARM.Collect$$libinit$$00000013)
    .ARM.Collect$$libinit$$00000015          0x08000218   Section        0  libinit2.o(.ARM.Collect$$libinit$$00000015)
    .ARM.Collect$$libinit$$00000017          0x08000218   Section        0  libinit2.o(.ARM.Collect$$libinit$$00000017)
    .ARM.Collect$$libinit$$00000019          0x08000218   Section        0  libinit2.o(.ARM.Collect$$libinit$$00000019)
    .ARM.Collect$$libinit$$0000001B          0x08000218   Section        0  libinit2.o(.ARM.Collect$$libinit$$0000001B)
    .ARM.Collect$$libinit$$0000001D          0x08000218   Section        0  libinit2.o(.ARM.Collect$$libinit$$0000001D)
    .ARM.Collect$$libinit$$0000001F          0x08000218   Section        0  libinit2.o(.ARM.Collect$$libinit$$0000001F)
    .ARM.Collect$$libinit$$00000021          0x08000218   Section        0  libinit2.o(.ARM.Collect$$libinit$$00000021)
    .ARM.Collect$$libinit$$00000023          0x08000218   Section        0  libinit2.o(.ARM.Collect$$libinit$$00000023)
    .ARM.Collect$$libinit$$00000025          0x08000218   Section        0  libinit2.o(.ARM.Collect$$libinit$$00000025)
    .ARM.Collect$$libinit$$0000002C          0x08000218   Section        0  libinit2.o(.ARM.Collect$$libinit$$0000002C)
    .ARM.Collect$$libinit$$0000002E          0x08000218   Section        0  libinit2.o(.ARM.Collect$$libinit$$0000002E)
    .ARM.Collect$$libinit$$00000030          0x08000218   Section        0  libinit2.o(.ARM.Collect$$libinit$$00000030)
    .ARM.Collect$$libinit$$00000032          0x08000218   Section        0  libinit2.o(.ARM.Collect$$libinit$$00000032)
    .ARM.Collect$$libinit$$00000033          0x08000218   Section        2  libinit2.o(.ARM.Collect$$libinit$$00000033)
    .ARM.Collect$$libshutdown$$00000000      0x0800021a   Section        2  libshutdown.o(.ARM.Collect$$libshutdown$$00000000)
    .ARM.Collect$$libshutdown$$00000002      0x0800021c   Section        0  libshutdown2.o(.ARM.Collect$$libshutdown$$00000002)
    .ARM.Collect$$libshutdown$$00000004      0x0800021c   Section        0  libshutdown2.o(.ARM.Collect$$libshutdown$$00000004)
    .ARM.Collect$$libshutdown$$00000007      0x0800021c   Section        0  libshutdown2.o(.ARM.Collect$$libshutdown$$00000007)
    .ARM.Collect$$libshutdown$$0000000A      0x0800021c   Section        0  libshutdown2.o(.ARM.Collect$$libshutdown$$0000000A)
    .ARM.Collect$$libshutdown$$0000000C      0x0800021c   Section        0  libshutdown2.o(.ARM.Collect$$libshutdown$$0000000C)
    .ARM.Collect$$libshutdown$$0000000F      0x0800021c   Section        0  libshutdown2.o(.ARM.Collect$$libshutdown$$0000000F)
    .ARM.Collect$$libshutdown$$00000010      0x0800021c   Section        2  libshutdown2.o(.ARM.Collect$$libshutdown$$00000010)
    .ARM.Collect$$rtentry$$00000000          0x0800021e   Section        0  __rtentry.o(.ARM.Collect$$rtentry$$00000000)
    .ARM.Collect$$rtentry$$00000002          0x0800021e   Section        0  __rtentry2.o(.ARM.Collect$$rtentry$$00000002)
    .ARM.Collect$$rtentry$$00000004          0x0800021e   Section        6  __rtentry4.o(.ARM.Collect$$rtentry$$00000004)
    .ARM.Collect$$rtentry$$00000009          0x08000224   Section        0  __rtentry2.o(.ARM.Collect$$rtentry$$00000009)
    .ARM.Collect$$rtentry$$0000000A          0x08000224   Section        4  __rtentry2.o(.ARM.Collect$$rtentry$$0000000A)
    .ARM.Collect$$rtentry$$0000000C          0x08000228   Section        0  __rtentry2.o(.ARM.Collect$$rtentry$$0000000C)
    .ARM.Collect$$rtentry$$0000000D          0x08000228   Section        8  __rtentry2.o(.ARM.Collect$$rtentry$$0000000D)
    .ARM.Collect$$rtexit$$00000000           0x08000230   Section        2  rtexit.o(.ARM.Collect$$rtexit$$00000000)
    .ARM.Collect$$rtexit$$00000002           0x08000232   Section        0  rtexit2.o(.ARM.Collect$$rtexit$$00000002)
    .ARM.Collect$$rtexit$$00000003           0x08000232   Section        4  rtexit2.o(.ARM.Collect$$rtexit$$00000003)
    .ARM.Collect$$rtexit$$00000004           0x08000236   Section        6  rtexit2.o(.ARM.Collect$$rtexit$$00000004)
    .text                                    0x0800023c   Section        0  stm32f10x_it.o(.text)
    .text                                    0x0800024c   Section        0  main.o(.text)
    .text                                    0x080003f0   Section        0  lcd.o(.text)
    .text                                    0x08001874   Section        0  systemui.o(.text)
    .text                                    0x08001b30   Section        0  touch.o(.text)
    .text                                    0x08002174   Section        0  usart.o(.text)
    .text                                    0x0800230c   Section        0  dht11.o(.text)
    .text                                    0x08002470   Section        0  timer.o(.text)
    .text                                    0x0800254c   Section        0  systick.o(.text)
    .text                                    0x080025d8   Section        0  bee.o(.text)
    .text                                    0x0800261c   Section        0  stm32f10x_rcc.o(.text)
    .text                                    0x08002984   Section        0  stm32f10x_gpio.o(.text)
    .text                                    0x08002be8   Section        0  misc.o(.text)
    .text                                    0x08002c98   Section        0  stm32f10x_spi.o(.text)
    .text                                    0x08002f54   Section        0  stm32f10x_usart.o(.text)
    .text                                    0x0800327c   Section        0  stm32f10x_dma.o(.text)
    .text                                    0x08003444   Section        0  stm32f10x_tim.o(.text)
    TI2_Config                               0x080037d7   Thumb Code   166  stm32f10x_tim.o(.text)
    TI1_Config                               0x0800388d   Thumb Code    88  stm32f10x_tim.o(.text)
    .text                                    0x08003f34   Section        0  system_stm32f10x.o(.text)
    SetSysClockTo72                          0x08003f35   Thumb Code   190  system_stm32f10x.o(.text)
    .text                                    0x080040f0   Section       64  startup_stm32f10x_cl.o(.text)
    .text                                    0x08004130   Section        0  noretval__2printf.o(.text)
    .text                                    0x08004148   Section        0  noretval__2sprintf.o(.text)
    .text                                    0x08004170   Section        0  __printf.o(.text)
    .text                                    0x080041d8   Section        0  _printf_dec.o(.text)
    .text                                    0x08004250   Section        0  putc.o(.text)
    .text                                    0x08004254   Section        0  strlen.o(.text)
    .text                                    0x08004292   Section       78  rt_memclr_w.o(.text)
    .text                                    0x080042e0   Section        0  heapauxi.o(.text)
    .text                                    0x080042e6   Section        0  _rserrno.o(.text)
    .text                                    0x080042fc   Section        0  _printf_intcommon.o(.text)
    .text                                    0x080043b0   Section        0  _printf_char_common.o(.text)
    _printf_input_char                       0x080043b1   Thumb Code    10  _printf_char_common.o(.text)
    .text                                    0x080043e0   Section        0  _sputc.o(.text)
    .text                                    0x080043ec   Section        0  _printf_char_file.o(.text)
    .text                                    0x08004410   Section        8  rt_errno_addr_intlibspace.o(.text)
    .text                                    0x08004418   Section        8  libspace.o(.text)
    .text                                    0x08004420   Section       74  sys_stackheap_outer.o(.text)
    .text                                    0x0800446a   Section        0  exit.o(.text)
    i.__ARM_fpclassify                       0x0800447c   Section        0  fpclassify.o(i.__ARM_fpclassify)
    i.__kernel_poly                          0x080044a4   Section        0  poly.o(i.__kernel_poly)
    i.__mathlib_dbl_divzero                  0x08004550   Section        0  dunder.o(i.__mathlib_dbl_divzero)
    i.__mathlib_dbl_infnan2                  0x08004560   Section        0  dunder.o(i.__mathlib_dbl_infnan2)
    i.__mathlib_dbl_invalid                  0x08004564   Section        0  dunder.o(i.__mathlib_dbl_invalid)
    i.__mathlib_dbl_overflow                 0x08004570   Section        0  dunder.o(i.__mathlib_dbl_overflow)
    i.__mathlib_dbl_underflow                0x08004580   Section        0  dunder.o(i.__mathlib_dbl_underflow)
    i.pow                                    0x08004590   Section        0  pow.o(i.pow)
    i.sqrt                                   0x08004f68   Section        0  sqrt.o(i.sqrt)
    x$fpl$dadd                               0x08004fb4   Section      336  daddsub_clz.o(x$fpl$dadd)
    _dadd1                                   0x08004fc5   Thumb Code     0  daddsub_clz.o(x$fpl$dadd)
    x$fpl$dcheck1                            0x08005104   Section       16  dcheck1.o(x$fpl$dcheck1)
    x$fpl$dcmpinf                            0x08005114   Section       24  dcmpi.o(x$fpl$dcmpinf)
    x$fpl$ddiv                               0x0800512c   Section      688  ddiv.o(x$fpl$ddiv)
    ddiv_entry                               0x08005133   Thumb Code     0  ddiv.o(x$fpl$ddiv)
    x$fpl$dfix                               0x080053dc   Section       94  dfix.o(x$fpl$dfix)
    x$fpl$dfixu                              0x0800543c   Section       90  dfixu.o(x$fpl$dfixu)
    x$fpl$dflt                               0x08005496   Section       46  dflt_clz.o(x$fpl$dflt)
    x$fpl$dfltu                              0x080054c4   Section       38  dflt_clz.o(x$fpl$dfltu)
    x$fpl$dleqf                              0x080054ec   Section      120  dleqf.o(x$fpl$dleqf)
    x$fpl$dmul                               0x08005564   Section      340  dmul.o(x$fpl$dmul)
    x$fpl$dnaninf                            0x080056b8   Section      156  dnaninf.o(x$fpl$dnaninf)
    x$fpl$dretinf                            0x08005754   Section       12  dretinf.o(x$fpl$dretinf)
    x$fpl$drleqf                             0x08005760   Section      108  drleqf.o(x$fpl$drleqf)
    x$fpl$drsb                               0x080057cc   Section       22  daddsub_clz.o(x$fpl$drsb)
    x$fpl$dsqrt                              0x080057e4   Section      460  dsqrt_noumaal.o(x$fpl$dsqrt)
    x$fpl$dsub                               0x080059b0   Section      468  daddsub_clz.o(x$fpl$dsub)
    _dsub1                                   0x080059c1   Thumb Code     0  daddsub_clz.o(x$fpl$dsub)
    x$fpl$fadd                               0x08005b84   Section      196  faddsub_clz.o(x$fpl$fadd)
    _fadd1                                   0x08005b93   Thumb Code     0  faddsub_clz.o(x$fpl$fadd)
    x$fpl$fcheck1                            0x08005c48   Section       12  fcheck1.o(x$fpl$fcheck1)
    x$fpl$fdiv                               0x08005c54   Section      388  fdiv.o(x$fpl$fdiv)
    _fdiv1                                   0x08005c55   Thumb Code     0  fdiv.o(x$fpl$fdiv)
    x$fpl$ffix                               0x08005dd8   Section       54  ffix.o(x$fpl$ffix)
    x$fpl$ffixu                              0x08005e10   Section       62  ffixu.o(x$fpl$ffixu)
    x$fpl$fflt                               0x08005e50   Section       48  fflt_clz.o(x$fpl$fflt)
    x$fpl$ffltu                              0x08005e80   Section       38  fflt_clz.o(x$fpl$ffltu)
    x$fpl$fmul                               0x08005ea8   Section      258  fmul.o(x$fpl$fmul)
    x$fpl$fnaninf                            0x08005faa   Section      140  fnaninf.o(x$fpl$fnaninf)
    x$fpl$fretinf                            0x08006036   Section       10  fretinf.o(x$fpl$fretinf)
    x$fpl$frsb                               0x08006040   Section       20  faddsub_clz.o(x$fpl$frsb)
    x$fpl$fsub                               0x08006054   Section      234  faddsub_clz.o(x$fpl$fsub)
    _fsub1                                   0x08006063   Thumb Code     0  faddsub_clz.o(x$fpl$fsub)
    x$fpl$retnan                             0x0800613e   Section      100  retnan.o(x$fpl$retnan)
    x$fpl$scalbn                             0x080061a2   Section       92  scalbn.o(x$fpl$scalbn)
    x$fpl$scalbnf                            0x080061fe   Section       76  scalbnf.o(x$fpl$scalbnf)
    x$fpl$trapveneer                         0x0800624a   Section       48  trapv.o(x$fpl$trapveneer)
    .constdata                               0x0800627a   Section     4608  fonts.o(.constdata)
    x$fpl$usenofp                            0x0800627a   Section        0  usenofp.o(x$fpl$usenofp)
    .constdata                               0x0800747a   Section      768  fonts.o(.constdata)
    .constdata                               0x0800777a   Section      936  lcd.o(.constdata)
    .constdata                               0x08007b22   Section       80  systemui.o(.constdata)
    .constdata                               0x08007b78   Section      136  pow.o(.constdata)
    bp                                       0x08007b78   Data          16  pow.o(.constdata)
    dp_h                                     0x08007b88   Data          16  pow.o(.constdata)
    dp_l                                     0x08007b98   Data          16  pow.o(.constdata)
    L                                        0x08007ba8   Data          48  pow.o(.constdata)
    P                                        0x08007bd8   Data          40  pow.o(.constdata)
    .constdata                               0x08007c00   Section        8  qnan.o(.constdata)
    .data                                    0x20000000   Section       16  main.o(.data)
    .data                                    0x20000010   Section    13824  fonts.o(.data)
    .data                                    0x20003610   Section     4608  fonts.o(.data)
    .data                                    0x20004810   Section        8  fonts.o(.data)
    .data                                    0x20004818   Section        8  fonts.o(.data)
    .data                                    0x20004820   Section        8  fonts.o(.data)
    .data                                    0x20004828   Section        8  fonts.o(.data)
    .data                                    0x20004830   Section       12  lcd.o(.data)
    HyalineBack                              0x20004830   Data           1  lcd.o(.data)
    TextColor                                0x20004832   Data           2  lcd.o(.data)
    BackColor                                0x20004834   Data           2  lcd.o(.data)
    DeviceIdCode                             0x20004836   Data           2  lcd.o(.data)
    .data                                    0x2000483c   Section       12  touch.o(.data)
    .data                                    0x20004848   Section        4  usart.o(.data)
    .data                                    0x2000484c   Section        4  timer.o(.data)
    .data                                    0x20004850   Section        4  systick.o(.data)
    TimingDelay                              0x20004850   Data           4  systick.o(.data)
    .data                                    0x20004854   Section       20  stm32f10x_rcc.o(.data)
    ADCPrescTable                            0x20004854   Data           4  stm32f10x_rcc.o(.data)
    APBAHBPrescTable                         0x20004858   Data          16  stm32f10x_rcc.o(.data)
    .data                                    0x20004868   Section       20  system_stm32f10x.o(.data)
    .bss                                     0x2000487c   Section      250  main.o(.bss)
    .bss                                     0x20004976   Section     5200  usart.o(.bss)
    .bss                                     0x20005dc8   Section       96  libspace.o(.bss)
    HEAP                                     0x20005e28   Section      512  startup_stm32f10x_cl.o(HEAP)
    Heap_Mem                                 0x20005e28   Data         512  startup_stm32f10x_cl.o(HEAP)
    STACK                                    0x20006028   Section     1024  startup_stm32f10x_cl.o(STACK)
    Stack_Mem                                0x20006028   Data        1024  startup_stm32f10x_cl.o(STACK)
    __initial_sp                             0x20006428   Data           0  startup_stm32f10x_cl.o(STACK)

    Global Symbols

    Symbol Name                              Value     Ov Type        Size  Object(Section)

    BuildAttributes$$THM_ISAv4$P$D$K$B$S$PE$A:L22UL41UL21$X:L11$S22US41US21$IEEE1$IW$USESV6$~STKCKD$USESV7$~SHL$OTIME$ROPI$IEEEX$EBA8$UX$STANDARDLIB$REQ8$PRES8$EABIv2 0x00000000   Number         0  anon$$obj.o ABSOLUTE
    __ARM_use_no_argv                        0x00000000   Number         0  main.o ABSOLUTE
    __ARM_exceptions_init                     - Undefined Weak Reference
    __alloca_initialize                       - Undefined Weak Reference
    __arm_preinit_                            - Undefined Weak Reference
    __cpp_initialize__aeabi_                  - Undefined Weak Reference
    __cxa_finalize                            - Undefined Weak Reference
    __rt_locale                               - Undefined Weak Reference
    __sigvec_lookup                           - Undefined Weak Reference
    _atexit_init                              - Undefined Weak Reference
    _call_atexit_fns                          - Undefined Weak Reference
    _clock_init                               - Undefined Weak Reference
    _fp_trap_init                             - Undefined Weak Reference
    _fp_trap_shutdown                         - Undefined Weak Reference
    _get_lc_collate                           - Undefined Weak Reference
    _get_lc_ctype                             - Undefined Weak Reference
    _get_lc_monetary                          - Undefined Weak Reference
    _get_lc_numeric                           - Undefined Weak Reference
    _get_lc_time                              - Undefined Weak Reference
    _getenv_init                              - Undefined Weak Reference
    _handle_redirection                       - Undefined Weak Reference
    _init_alloc                               - Undefined Weak Reference
    _init_user_alloc                          - Undefined Weak Reference
    _initio                                   - Undefined Weak Reference
    _printf_post_padding                      - Undefined Weak Reference
    _printf_pre_padding                       - Undefined Weak Reference
    _printf_truncate_signed                   - Undefined Weak Reference
    _printf_truncate_unsigned                 - Undefined Weak Reference
    _rand_init                                - Undefined Weak Reference
    _signal_finish                            - Undefined Weak Reference
    _signal_init                              - Undefined Weak Reference
    _terminate_alloc                          - Undefined Weak Reference
    _terminate_user_alloc                     - Undefined Weak Reference
    _terminateio                              - Undefined Weak Reference
    __Vectors_Size                           0x00000150   Number         0  startup_stm32f10x_cl.o ABSOLUTE
    __Vectors                                0x08000000   Data           4  startup_stm32f10x_cl.o(RESET)
    __Vectors_End                            0x08000150   Data           0  startup_stm32f10x_cl.o(RESET)
    __main                                   0x08000151   Thumb Code     8  __main.o(!!!main)
    __scatterload                            0x08000159   Thumb Code     0  __scatter.o(!!!scatter)
    __scatterload_rt2                        0x08000159   Thumb Code    44  __scatter.o(!!!scatter)
    __scatterload_rt2_thumb_only             0x08000159   Thumb Code     0  __scatter.o(!!!scatter)
    __scatterload_null                       0x08000167   Thumb Code     0  __scatter.o(!!!scatter)
    __decompress                             0x0800018d   Thumb Code   100  __dclz77c.o(!!dclz77c)
    __decompress2                            0x0800018d   Thumb Code     0  __dclz77c.o(!!dclz77c)
    __scatterload_zeroinit                   0x080001f1   Thumb Code    28  __scatter_zi.o(!!handler_zi)
    _printf_d                                0x0800020d   Thumb Code     0  _printf_d.o(.ARM.Collect$$_printf_percent$$00000009)
    _printf_percent                          0x0800020d   Thumb Code     0  _printf_percent.o(.ARM.Collect$$_printf_percent$$00000000)
    _printf_percent_end                      0x08000213   Thumb Code     0  _printf_percent_end.o(.ARM.Collect$$_printf_percent$$00000017)
    __rt_lib_init                            0x08000217   Thumb Code     0  libinit.o(.ARM.Collect$$libinit$$00000000)
    __rt_lib_init_alloca_1                   0x08000219   Thumb Code     0  libinit2.o(.ARM.Collect$$libinit$$0000002E)
    __rt_lib_init_argv_1                     0x08000219   Thumb Code     0  libinit2.o(.ARM.Collect$$libinit$$0000002C)
    __rt_lib_init_atexit_1                   0x08000219   Thumb Code     0  libinit2.o(.ARM.Collect$$libinit$$0000001B)
    __rt_lib_init_clock_1                    0x08000219   Thumb Code     0  libinit2.o(.ARM.Collect$$libinit$$00000021)
    __rt_lib_init_cpp_1                      0x08000219   Thumb Code     0  libinit2.o(.ARM.Collect$$libinit$$00000032)
    __rt_lib_init_exceptions_1               0x08000219   Thumb Code     0  libinit2.o(.ARM.Collect$$libinit$$00000030)
    __rt_lib_init_fp_1                       0x08000219   Thumb Code     0  libinit2.o(.ARM.Collect$$libinit$$00000002)
    __rt_lib_init_fp_trap_1                  0x08000219   Thumb Code     0  libinit2.o(.ARM.Collect$$libinit$$0000001F)
    __rt_lib_init_getenv_1                   0x08000219   Thumb Code     0  libinit2.o(.ARM.Collect$$libinit$$00000023)
    __rt_lib_init_heap_1                     0x08000219   Thumb Code     0  libinit2.o(.ARM.Collect$$libinit$$0000000A)
    __rt_lib_init_lc_collate_1               0x08000219   Thumb Code     0  libinit2.o(.ARM.Collect$$libinit$$00000011)
    __rt_lib_init_lc_ctype_1                 0x08000219   Thumb Code     0  libinit2.o(.ARM.Collect$$libinit$$00000013)
    __rt_lib_init_lc_monetary_1              0x08000219   Thumb Code     0  libinit2.o(.ARM.Collect$$libinit$$00000015)
    __rt_lib_init_lc_numeric_1               0x08000219   Thumb Code     0  libinit2.o(.ARM.Collect$$libinit$$00000017)
    __rt_lib_init_lc_time_1                  0x08000219   Thumb Code     0  libinit2.o(.ARM.Collect$$libinit$$00000019)
    __rt_lib_init_preinit_1                  0x08000219   Thumb Code     0  libinit2.o(.ARM.Collect$$libinit$$00000004)
    __rt_lib_init_rand_1                     0x08000219   Thumb Code     0  libinit2.o(.ARM.Collect$$libinit$$0000000E)
    __rt_lib_init_return                     0x08000219   Thumb Code     0  libinit2.o(.ARM.Collect$$libinit$$00000033)
    __rt_lib_init_signal_1                   0x08000219   Thumb Code     0  libinit2.o(.ARM.Collect$$libinit$$0000001D)
    __rt_lib_init_stdio_1                    0x08000219   Thumb Code     0  libinit2.o(.ARM.Collect$$libinit$$00000025)
    __rt_lib_init_user_alloc_1               0x08000219   Thumb Code     0  libinit2.o(.ARM.Collect$$libinit$$0000000C)
    __rt_lib_shutdown                        0x0800021b   Thumb Code     0  libshutdown.o(.ARM.Collect$$libshutdown$$00000000)
    __rt_lib_shutdown_cpp_1                  0x0800021d   Thumb Code     0  libshutdown2.o(.ARM.Collect$$libshutdown$$00000002)
    __rt_lib_shutdown_fp_trap_1              0x0800021d   Thumb Code     0  libshutdown2.o(.ARM.Collect$$libshutdown$$00000007)
    __rt_lib_shutdown_heap_1                 0x0800021d   Thumb Code     0  libshutdown2.o(.ARM.Collect$$libshutdown$$0000000F)
    __rt_lib_shutdown_return                 0x0800021d   Thumb Code     0  libshutdown2.o(.ARM.Collect$$libshutdown$$00000010)
    __rt_lib_shutdown_signal_1               0x0800021d   Thumb Code     0  libshutdown2.o(.ARM.Collect$$libshutdown$$0000000A)
    __rt_lib_shutdown_stdio_1                0x0800021d   Thumb Code     0  libshutdown2.o(.ARM.Collect$$libshutdown$$00000004)
    __rt_lib_shutdown_user_alloc_1           0x0800021d   Thumb Code     0  libshutdown2.o(.ARM.Collect$$libshutdown$$0000000C)
    __rt_entry                               0x0800021f   Thumb Code     0  __rtentry.o(.ARM.Collect$$rtentry$$00000000)
    __rt_entry_presh_1                       0x0800021f   Thumb Code     0  __rtentry2.o(.ARM.Collect$$rtentry$$00000002)
    __rt_entry_sh                            0x0800021f   Thumb Code     0  __rtentry4.o(.ARM.Collect$$rtentry$$00000004)
    __rt_entry_li                            0x08000225   Thumb Code     0  __rtentry2.o(.ARM.Collect$$rtentry$$0000000A)
    __rt_entry_postsh_1                      0x08000225   Thumb Code     0  __rtentry2.o(.ARM.Collect$$rtentry$$00000009)
    __rt_entry_main                          0x08000229   Thumb Code     0  __rtentry2.o(.ARM.Collect$$rtentry$$0000000D)
    __rt_entry_postli_1                      0x08000229   Thumb Code     0  __rtentry2.o(.ARM.Collect$$rtentry$$0000000C)
    __rt_exit                                0x08000231   Thumb Code     0  rtexit.o(.ARM.Collect$$rtexit$$00000000)
    __rt_exit_ls                             0x08000233   Thumb Code     0  rtexit2.o(.ARM.Collect$$rtexit$$00000003)
    __rt_exit_prels_1                        0x08000233   Thumb Code     0  rtexit2.o(.ARM.Collect$$rtexit$$00000002)
    __rt_exit_exit                           0x08000237   Thumb Code     0  rtexit2.o(.ARM.Collect$$rtexit$$00000004)
    NMI_Handler                              0x0800023d   Thumb Code     2  stm32f10x_it.o(.text)
    HardFault_Handler                        0x0800023f   Thumb Code     2  stm32f10x_it.o(.text)
    MemManage_Handler                        0x08000241   Thumb Code     2  stm32f10x_it.o(.text)
    BusFault_Handler                         0x08000243   Thumb Code     2  stm32f10x_it.o(.text)
    UsageFault_Handler                       0x08000245   Thumb Code     2  stm32f10x_it.o(.text)
    SVC_Handler                              0x08000247   Thumb Code     2  stm32f10x_it.o(.text)
    DebugMon_Handler                         0x08000249   Thumb Code     2  stm32f10x_it.o(.text)
    PendSV_Handler                           0x0800024b   Thumb Code     2  stm32f10x_it.o(.text)
    USART2_Receive_Data                      0x0800024d   Thumb Code    50  main.o(.text)
    main                                     0x0800027f   Thumb Code   240  main.o(.text)
    USART2_IRQHandler                        0x0800036f   Thumb Code   108  main.o(.text)
    LCD_DB_AS_InPut                          0x080003f1   Thumb Code    26  lcd.o(.text)
    LCD_DB_AS_OutPut                         0x0800040b   Thumb Code    32  lcd.o(.text)
    LCD_WriteReg                             0x0800042b   Thumb Code    54  lcd.o(.text)
    delay                                    0x08000461   Thumb Code    16  lcd.o(.text)
    LCD_ReadReg                              0x08000471   Thumb Code    74  lcd.o(.text)
    LCD_Pins_Config                          0x080004bb   Thumb Code   130  lcd.o(.text)
    SZ_STM32_LCDInit                         0x0800053d   Thumb Code  2758  lcd.o(.text)
    LCD_SetBackColor                         0x08001003   Thumb Code    12  lcd.o(.text)
    LCD_WriteRAM_Prepare                     0x0800100f   Thumb Code    38  lcd.o(.text)
    LCD_SetCursor                            0x08001035   Thumb Code    76  lcd.o(.text)
    LCD_Clear                                0x08001081   Thumb Code    64  lcd.o(.text)
    LCD_WriteRAM                             0x080010c1   Thumb Code    20  lcd.o(.text)
    LCD_SetPoint                             0x080010d5   Thumb Code    28  lcd.o(.text)
    PutPixel                                 0x080010f1   Thumb Code    26  lcd.o(.text)
    LCD_GetPoint                             0x0800110b   Thumb Code    84  lcd.o(.text)
    LCD_RAM_WrRdTest                         0x0800115f   Thumb Code    62  lcd.o(.text)
    LCD_DrawBigPoint                         0x0800119d   Thumb Code   112  lcd.o(.text)
    LCD_WriteRAMWord                         0x0800120d   Thumb Code    24  lcd.o(.text)
    LCD_DrawLine                             0x08001225   Thumb Code   102  lcd.o(.text)
    LCD_DrawCross                            0x0800128b   Thumb Code    38  lcd.o(.text)
    LCD_DrawRect                             0x080012b1   Thumb Code    62  lcd.o(.text)
    LCD_DrawCircle                           0x080012ef   Thumb Code   230  lcd.o(.text)
    LCD_DrawChinaChar                        0x080013d5   Thumb Code   160  lcd.o(.text)
    LCD_DisplayWelcomeStr                    0x08001475   Thumb Code    44  lcd.o(.text)
    LCD_SetFont                              0x080014a1   Thumb Code     6  lcd.o(.text)
    LCD_GetFont                              0x080014a7   Thumb Code     6  lcd.o(.text)
    LCD_DrawChar                             0x080014ad   Thumb Code   166  lcd.o(.text)
    LCD_DisplayChar                          0x08001553   Thumb Code    22  lcd.o(.text)
    LCD_DisplayStringLine                    0x08001569   Thumb Code    50  lcd.o(.text)
    LCD_DisplayString                        0x0800159b   Thumb Code    50  lcd.o(.text)
    LCD_DisplayCurrentFont                   0x080015cd   Thumb Code   146  lcd.o(.text)
    LCD_SetTextColor                         0x0800165f   Thumb Code    12  lcd.o(.text)
    LCD_DrawFullRect                         0x0800166b   Thumb Code    92  lcd.o(.text)
    LCD_WR_REG                               0x080016c7   Thumb Code    80  lcd.o(.text)
    LCD_WR_DATA                              0x08001717   Thumb Code    80  lcd.o(.text)
    LCD_DrawPoint                            0x08001767   Thumb Code    22  lcd.o(.text)
    Draw_Circle                              0x0800177d   Thumb Code   248  lcd.o(.text)
    Str_to_int                               0x08001875   Thumb Code    96  systemui.o(.text)
    Int_To_Str                               0x080018d5   Thumb Code    68  systemui.o(.text)
    UI_Refresh                               0x08001919   Thumb Code   402  systemui.o(.text)
    UI_Value_Refresh                         0x08001aab   Thumb Code   110  systemui.o(.text)
    Touch_Configuration                      0x08001b31   Thumb Code   204  touch.o(.text)
    SPI_SendByte                             0x08001bfd   Thumb Code    48  touch.o(.text)
    ADS_Read_AD                              0x08001c2d   Thumb Code    56  touch.o(.text)
    ADS_Read_XY                              0x08001c65   Thumb Code   100  touch.o(.text)
    Read_ADSX                                0x08001cc9   Thumb Code    24  touch.o(.text)
    Read_ADSY                                0x08001ce1   Thumb Code    24  touch.o(.text)
    Touch_GexX                               0x08001cf9   Thumb Code    90  touch.o(.text)
    Touch_GexY                               0x08001d53   Thumb Code    90  touch.o(.text)
    Touch_GetXY                              0x08001dad   Thumb Code    46  touch.o(.text)
    Drow_Touch_Point                         0x08001ddb   Thumb Code   102  touch.o(.text)
    Draw_Big_Point                           0x08001e41   Thumb Code    42  touch.o(.text)
    Refreshes_Screen                         0x08001e6b   Thumb Code     8  touch.o(.text)
    Convert_Pos                              0x08001e73   Thumb Code    86  touch.o(.text)
    Touch_Adjust                             0x08001ec9   Thumb Code   656  touch.o(.text)
    SZ_STM32_COMInit                         0x08002175   Thumb Code   172  usart.o(.text)
    MYDMA_Config                             0x08002221   Thumb Code    74  usart.o(.text)
    JSON_Sender                              0x0800226b   Thumb Code    10  usart.o(.text)
    _sys_exit                                0x08002275   Thumb Code     2  usart.o(.text)
    fputc                                    0x08002277   Thumb Code    30  usart.o(.text)
    ferror                                   0x08002295   Thumb Code     6  usart.o(.text)
    fgetc                                    0x0800229b   Thumb Code    36  usart.o(.text)
    dht11_gpio_input                         0x0800230d   Thumb Code    38  dht11.o(.text)
    dht11_gpio_output                        0x08002333   Thumb Code    38  dht11.o(.text)
    dht11_reset                              0x08002359   Thumb Code    44  dht11.o(.text)
    dht11_scan                               0x08002385   Thumb Code     8  dht11.o(.text)
    dht11_read_bit                           0x0800238d   Thumb Code    54  dht11.o(.text)
    dht11_read_byte                          0x080023c3   Thumb Code    30  dht11.o(.text)
    dht11_read_data                          0x080023e1   Thumb Code    96  dht11.o(.text)
    dht11_hum_value                          0x08002441   Thumb Code    22  dht11.o(.text)
    dht11_temp_value                         0x08002457   Thumb Code    22  dht11.o(.text)
    systick_init                             0x08002471   Thumb Code    48  timer.o(.text)
    timing_delay_decrement                   0x080024a1   Thumb Code    16  timer.o(.text)
    SysTick_Handler                          0x080024b1   Thumb Code     2  timer.o(.text)
    delay_us                                 0x080024b3   Thumb Code    16  timer.o(.text)
    NVIC_TIM5Configuration                   0x080024c3   Thumb Code    42  timer.o(.text)
    TIM5_Init                                0x080024ed   Thumb Code    74  timer.o(.text)
    SZ_STM32_SysTickInit                     0x0800254d   Thumb Code    46  systick.o(.text)
    TimingDelay_Decrement                    0x0800257b   Thumb Code    16  systick.o(.text)
    Delay_us                                 0x0800258b   Thumb Code    36  systick.o(.text)
    Delay_mss                                0x080025af   Thumb Code    14  systick.o(.text)
    Delay_s                                  0x080025bd   Thumb Code    12  systick.o(.text)
    BEE_init                                 0x080025d9   Thumb Code    48  bee.o(.text)
    BEE_start                                0x08002609   Thumb Code     8  bee.o(.text)
    BEE_stop                                 0x08002611   Thumb Code     8  bee.o(.text)
    RCC_DeInit                               0x0800261d   Thumb Code    62  stm32f10x_rcc.o(.text)
    RCC_HSEConfig                            0x0800265b   Thumb Code    48  stm32f10x_rcc.o(.text)
    RCC_GetFlagStatus                        0x0800268b   Thumb Code    42  stm32f10x_rcc.o(.text)
    RCC_WaitForHSEStartUp                    0x080026b5   Thumb Code    44  stm32f10x_rcc.o(.text)
    RCC_AdjustHSICalibrationValue            0x080026e1   Thumb Code    16  stm32f10x_rcc.o(.text)
    RCC_HSICmd                               0x080026f1   Thumb Code     6  stm32f10x_rcc.o(.text)
    RCC_PLLConfig                            0x080026f7   Thumb Code    16  stm32f10x_rcc.o(.text)
    RCC_PLLCmd                               0x08002707   Thumb Code     6  stm32f10x_rcc.o(.text)
    RCC_PREDIV1Config                        0x0800270d   Thumb Code    18  stm32f10x_rcc.o(.text)
    RCC_PREDIV2Config                        0x0800271f   Thumb Code    14  stm32f10x_rcc.o(.text)
    RCC_PLL2Config                           0x0800272d   Thumb Code    14  stm32f10x_rcc.o(.text)
    RCC_PLL2Cmd                              0x0800273b   Thumb Code     6  stm32f10x_rcc.o(.text)
    RCC_PLL3Config                           0x08002741   Thumb Code    14  stm32f10x_rcc.o(.text)
    RCC_PLL3Cmd                              0x0800274f   Thumb Code     6  stm32f10x_rcc.o(.text)
    RCC_SYSCLKConfig                         0x08002755   Thumb Code    14  stm32f10x_rcc.o(.text)
    RCC_GetSYSCLKSource                      0x08002763   Thumb Code    10  stm32f10x_rcc.o(.text)
    RCC_HCLKConfig                           0x0800276d   Thumb Code    14  stm32f10x_rcc.o(.text)
    RCC_PCLK1Config                          0x0800277b   Thumb Code    14  stm32f10x_rcc.o(.text)
    RCC_PCLK2Config                          0x08002789   Thumb Code    16  stm32f10x_rcc.o(.text)
    RCC_ITConfig                             0x08002799   Thumb Code    18  stm32f10x_rcc.o(.text)
    RCC_OTGFSCLKConfig                       0x080027ab   Thumb Code     8  stm32f10x_rcc.o(.text)
    RCC_ADCCLKConfig                         0x080027b3   Thumb Code    14  stm32f10x_rcc.o(.text)
    RCC_I2S2CLKConfig                        0x080027c1   Thumb Code     6  stm32f10x_rcc.o(.text)
    RCC_I2S3CLKConfig                        0x080027c7   Thumb Code     8  stm32f10x_rcc.o(.text)
    RCC_LSEConfig                            0x080027cf   Thumb Code    28  stm32f10x_rcc.o(.text)
    RCC_LSICmd                               0x080027eb   Thumb Code     6  stm32f10x_rcc.o(.text)
    RCC_RTCCLKConfig                         0x080027f1   Thumb Code    10  stm32f10x_rcc.o(.text)
    RCC_RTCCLKCmd                            0x080027fb   Thumb Code     8  stm32f10x_rcc.o(.text)
    RCC_GetClocksFreq                        0x08002803   Thumb Code   180  stm32f10x_rcc.o(.text)
    RCC_AHBPeriphClockCmd                    0x080028b7   Thumb Code    18  stm32f10x_rcc.o(.text)
    RCC_APB2PeriphClockCmd                   0x080028c9   Thumb Code    18  stm32f10x_rcc.o(.text)
    RCC_APB1PeriphClockCmd                   0x080028db   Thumb Code    18  stm32f10x_rcc.o(.text)
    RCC_AHBPeriphResetCmd                    0x080028ed   Thumb Code    18  stm32f10x_rcc.o(.text)
    RCC_APB2PeriphResetCmd                   0x080028ff   Thumb Code    18  stm32f10x_rcc.o(.text)
    RCC_APB1PeriphResetCmd                   0x08002911   Thumb Code    18  stm32f10x_rcc.o(.text)
    RCC_BackupResetCmd                       0x08002923   Thumb Code     8  stm32f10x_rcc.o(.text)
    RCC_ClockSecuritySystemCmd               0x0800292b   Thumb Code     6  stm32f10x_rcc.o(.text)
    RCC_MCOConfig                            0x08002931   Thumb Code     6  stm32f10x_rcc.o(.text)
    RCC_ClearFlag                            0x08002937   Thumb Code    12  stm32f10x_rcc.o(.text)
    RCC_GetITStatus                          0x08002943   Thumb Code    16  stm32f10x_rcc.o(.text)
    RCC_ClearITPendingBit                    0x08002953   Thumb Code     6  stm32f10x_rcc.o(.text)
    GPIO_DeInit                              0x08002985   Thumb Code   152  stm32f10x_gpio.o(.text)
    GPIO_AFIODeInit                          0x08002a1d   Thumb Code    22  stm32f10x_gpio.o(.text)
    GPIO_Init                                0x08002a33   Thumb Code   156  stm32f10x_gpio.o(.text)
    GPIO_StructInit                          0x08002acf   Thumb Code    16  stm32f10x_gpio.o(.text)
    GPIO_ReadInputDataBit                    0x08002adf   Thumb Code    14  stm32f10x_gpio.o(.text)
    GPIO_ReadInputData                       0x08002aed   Thumb Code     6  stm32f10x_gpio.o(.text)
    GPIO_ReadOutputDataBit                   0x08002af3   Thumb Code    14  stm32f10x_gpio.o(.text)
    GPIO_ReadOutputData                      0x08002b01   Thumb Code     6  stm32f10x_gpio.o(.text)
    GPIO_SetBits                             0x08002b07   Thumb Code     4  stm32f10x_gpio.o(.text)
    GPIO_ResetBits                           0x08002b0b   Thumb Code     4  stm32f10x_gpio.o(.text)
    GPIO_WriteBit                            0x08002b0f   Thumb Code    10  stm32f10x_gpio.o(.text)
    GPIO_Write                               0x08002b19   Thumb Code     4  stm32f10x_gpio.o(.text)
    GPIO_PinLockConfig                       0x08002b1d   Thumb Code    16  stm32f10x_gpio.o(.text)
    GPIO_EventOutputConfig                   0x08002b2d   Thumb Code    22  stm32f10x_gpio.o(.text)
    GPIO_EventOutputCmd                      0x08002b43   Thumb Code     6  stm32f10x_gpio.o(.text)
    GPIO_PinRemapConfig                      0x08002b49   Thumb Code    82  stm32f10x_gpio.o(.text)
    GPIO_EXTILineConfig                      0x08002b9b   Thumb Code    34  stm32f10x_gpio.o(.text)
    GPIO_ETH_MediaInterfaceConfig            0x08002bbd   Thumb Code     8  stm32f10x_gpio.o(.text)
    NVIC_PriorityGroupConfig                 0x08002be9   Thumb Code    10  misc.o(.text)
    NVIC_Init                                0x08002bf3   Thumb Code    94  misc.o(.text)
    NVIC_SetVectorTable                      0x08002c51   Thumb Code    14  misc.o(.text)
    NVIC_SystemLPConfig                      0x08002c5f   Thumb Code    20  misc.o(.text)
    SysTick_CLKSourceConfig                  0x08002c73   Thumb Code    24  misc.o(.text)
    SPI_I2S_DeInit                           0x08002c99   Thumb Code    72  stm32f10x_spi.o(.text)
    SPI_Init                                 0x08002ce1   Thumb Code    56  stm32f10x_spi.o(.text)
    I2S_Init                                 0x08002d19   Thumb Code   216  stm32f10x_spi.o(.text)
    SPI_StructInit                           0x08002df1   Thumb Code    24  stm32f10x_spi.o(.text)
    I2S_StructInit                           0x08002e09   Thumb Code    18  stm32f10x_spi.o(.text)
    SPI_Cmd                                  0x08002e1b   Thumb Code    20  stm32f10x_spi.o(.text)
    I2S_Cmd                                  0x08002e2f   Thumb Code    20  stm32f10x_spi.o(.text)
    SPI_I2S_ITConfig                         0x08002e43   Thumb Code    24  stm32f10x_spi.o(.text)
    SPI_I2S_DMACmd                           0x08002e5b   Thumb Code    16  stm32f10x_spi.o(.text)
    SPI_I2S_SendData                         0x08002e6b   Thumb Code     4  stm32f10x_spi.o(.text)
    SPI_I2S_ReceiveData                      0x08002e6f   Thumb Code     4  stm32f10x_spi.o(.text)
    SPI_NSSInternalSoftwareConfig            0x08002e73   Thumb Code    24  stm32f10x_spi.o(.text)
    SPI_SSOutputCmd                          0x08002e8b   Thumb Code    20  stm32f10x_spi.o(.text)
    SPI_DataSizeConfig                       0x08002e9f   Thumb Code    16  stm32f10x_spi.o(.text)
    SPI_TransmitCRC                          0x08002eaf   Thumb Code    10  stm32f10x_spi.o(.text)
    SPI_CalculateCRC                         0x08002eb9   Thumb Code    20  stm32f10x_spi.o(.text)
    SPI_GetCRC                               0x08002ecd   Thumb Code    12  stm32f10x_spi.o(.text)
    SPI_GetCRCPolynomial                     0x08002ed9   Thumb Code     4  stm32f10x_spi.o(.text)
    SPI_BiDirectionalLineConfig              0x08002edd   Thumb Code    22  stm32f10x_spi.o(.text)
    SPI_I2S_GetFlagStatus                    0x08002ef3   Thumb Code    14  stm32f10x_spi.o(.text)
    SPI_I2S_ClearFlag                        0x08002f01   Thumb Code     6  stm32f10x_spi.o(.text)
    SPI_I2S_GetITStatus                      0x08002f07   Thumb Code    44  stm32f10x_spi.o(.text)
    SPI_I2S_ClearITPendingBit                0x08002f33   Thumb Code    14  stm32f10x_spi.o(.text)
    USART_DeInit                             0x08002f55   Thumb Code    96  stm32f10x_usart.o(.text)
    USART_Init                               0x08002fb5   Thumb Code   166  stm32f10x_usart.o(.text)
    USART_StructInit                         0x0800305b   Thumb Code    22  stm32f10x_usart.o(.text)
    USART_ClockInit                          0x08003071   Thumb Code    30  stm32f10x_usart.o(.text)
    USART_ClockStructInit                    0x0800308f   Thumb Code    12  stm32f10x_usart.o(.text)
    USART_Cmd                                0x0800309b   Thumb Code    20  stm32f10x_usart.o(.text)
    USART_ITConfig                           0x080030af   Thumb Code    48  stm32f10x_usart.o(.text)
    USART_DMACmd                             0x080030df   Thumb Code    16  stm32f10x_usart.o(.text)
    USART_SetAddress                         0x080030ef   Thumb Code    16  stm32f10x_usart.o(.text)
    USART_WakeUpConfig                       0x080030ff   Thumb Code    16  stm32f10x_usart.o(.text)
    USART_ReceiverWakeUpCmd                  0x0800310f   Thumb Code    20  stm32f10x_usart.o(.text)
    USART_LINBreakDetectLengthConfig         0x08003123   Thumb Code    16  stm32f10x_usart.o(.text)
    USART_LINCmd                             0x08003133   Thumb Code    20  stm32f10x_usart.o(.text)
    USART_SendData                           0x08003147   Thumb Code     8  stm32f10x_usart.o(.text)
    USART_ReceiveData                        0x0800314f   Thumb Code     8  stm32f10x_usart.o(.text)
    USART_SendBreak                          0x08003157   Thumb Code    10  stm32f10x_usart.o(.text)
    USART_SetGuardTime                       0x08003161   Thumb Code    16  stm32f10x_usart.o(.text)
    USART_SetPrescaler                       0x08003171   Thumb Code    16  stm32f10x_usart.o(.text)
    USART_SmartCardCmd                       0x08003181   Thumb Code    20  stm32f10x_usart.o(.text)
    USART_SmartCardNACKCmd                   0x08003195   Thumb Code    20  stm32f10x_usart.o(.text)
    USART_HalfDuplexCmd                      0x080031a9   Thumb Code    20  stm32f10x_usart.o(.text)
    USART_OverSampling8Cmd                   0x080031bd   Thumb Code    20  stm32f10x_usart.o(.text)
    USART_OneBitMethodCmd                    0x080031d1   Thumb Code    20  stm32f10x_usart.o(.text)
    USART_IrDAConfig                         0x080031e5   Thumb Code    16  stm32f10x_usart.o(.text)
    USART_IrDACmd                            0x080031f5   Thumb Code    20  stm32f10x_usart.o(.text)
    USART_GetFlagStatus                      0x08003209   Thumb Code    14  stm32f10x_usart.o(.text)
    USART_ClearFlag                          0x08003217   Thumb Code     6  stm32f10x_usart.o(.text)
    USART_GetITStatus                        0x0800321d   Thumb Code    62  stm32f10x_usart.o(.text)
    USART_ClearITPendingBit                  0x0800325b   Thumb Code    12  stm32f10x_usart.o(.text)
    DMA_DeInit                               0x0800327d   Thumb Code   218  stm32f10x_dma.o(.text)
    DMA_Init                                 0x08003357   Thumb Code    58  stm32f10x_dma.o(.text)
    DMA_StructInit                           0x08003391   Thumb Code    26  stm32f10x_dma.o(.text)
    DMA_Cmd                                  0x080033ab   Thumb Code    22  stm32f10x_dma.o(.text)
    DMA_ITConfig                             0x080033c1   Thumb Code    16  stm32f10x_dma.o(.text)
    DMA_SetCurrDataCounter                   0x080033d1   Thumb Code     4  stm32f10x_dma.o(.text)
    DMA_GetCurrDataCounter                   0x080033d5   Thumb Code     6  stm32f10x_dma.o(.text)
    DMA_GetFlagStatus                        0x080033db   Thumb Code    28  stm32f10x_dma.o(.text)
    DMA_ClearFlag                            0x080033f7   Thumb Code    20  stm32f10x_dma.o(.text)
    DMA_GetITStatus                          0x0800340b   Thumb Code    28  stm32f10x_dma.o(.text)
    DMA_ClearITPendingBit                    0x08003427   Thumb Code    20  stm32f10x_dma.o(.text)
    TIM_DeInit                               0x08003445   Thumb Code   304  stm32f10x_tim.o(.text)
    TIM_TimeBaseInit                         0x08003575   Thumb Code   114  stm32f10x_tim.o(.text)
    TIM_OC1Init                              0x080035e7   Thumb Code   106  stm32f10x_tim.o(.text)
    TIM_OC2Init                              0x08003651   Thumb Code   120  stm32f10x_tim.o(.text)
    TIM_OC3Init                              0x080036c9   Thumb Code   116  stm32f10x_tim.o(.text)
    TIM_OC4Init                              0x0800373d   Thumb Code    90  stm32f10x_tim.o(.text)
    TIM_SetIC4Prescaler                      0x08003797   Thumb Code    24  stm32f10x_tim.o(.text)
    TIM_SetIC3Prescaler                      0x080037af   Thumb Code    16  stm32f10x_tim.o(.text)
    TIM_SetIC2Prescaler                      0x080037bf   Thumb Code    24  stm32f10x_tim.o(.text)
    TIM_SetIC1Prescaler                      0x0800387d   Thumb Code    16  stm32f10x_tim.o(.text)
    TIM_ICInit                               0x080038e5   Thumb Code   270  stm32f10x_tim.o(.text)
    TIM_PWMIConfig                           0x080039f3   Thumb Code   104  stm32f10x_tim.o(.text)
    TIM_BDTRConfig                           0x08003a5b   Thumb Code    34  stm32f10x_tim.o(.text)
    TIM_TimeBaseStructInit                   0x08003a7d   Thumb Code    18  stm32f10x_tim.o(.text)
    TIM_OCStructInit                         0x08003a8f   Thumb Code    20  stm32f10x_tim.o(.text)
    TIM_ICStructInit                         0x08003aa3   Thumb Code    16  stm32f10x_tim.o(.text)
    TIM_BDTRStructInit                       0x08003ab3   Thumb Code    18  stm32f10x_tim.o(.text)
    TIM_Cmd                                  0x08003ac5   Thumb Code    20  stm32f10x_tim.o(.text)
    TIM_CtrlPWMOutputs                       0x08003ad9   Thumb Code    22  stm32f10x_tim.o(.text)
    TIM_ITConfig                             0x08003aef   Thumb Code    16  stm32f10x_tim.o(.text)
    TIM_GenerateEvent                        0x08003aff   Thumb Code     4  stm32f10x_tim.o(.text)
    TIM_DMAConfig                            0x08003b03   Thumb Code     8  stm32f10x_tim.o(.text)
    TIM_DMACmd                               0x08003b0b   Thumb Code    16  stm32f10x_tim.o(.text)
    TIM_InternalClockConfig                  0x08003b1b   Thumb Code    10  stm32f10x_tim.o(.text)
    TIM_SelectInputTrigger                   0x08003b25   Thumb Code    12  stm32f10x_tim.o(.text)
    TIM_ITRxExternalClockConfig              0x08003b31   Thumb Code    18  stm32f10x_tim.o(.text)
    TIM_TIxExternalClockConfig               0x08003b43   Thumb Code    46  stm32f10x_tim.o(.text)
    TIM_ETRConfig                            0x08003b71   Thumb Code    24  stm32f10x_tim.o(.text)
    TIM_ETRClockMode1Config                  0x08003b89   Thumb Code    18  stm32f10x_tim.o(.text)
    TIM_ETRClockMode2Config                  0x08003b9b   Thumb Code    18  stm32f10x_tim.o(.text)
    TIM_PrescalerConfig                      0x08003bad   Thumb Code     6  stm32f10x_tim.o(.text)
    TIM_CounterModeConfig                    0x08003bb3   Thumb Code    12  stm32f10x_tim.o(.text)
    TIM_EncoderInterfaceConfig               0x08003bbf   Thumb Code    50  stm32f10x_tim.o(.text)
    TIM_ForcedOC1Config                      0x08003bf1   Thumb Code    12  stm32f10x_tim.o(.text)
    TIM_ForcedOC2Config                      0x08003bfd   Thumb Code    20  stm32f10x_tim.o(.text)
    TIM_ForcedOC3Config                      0x08003c11   Thumb Code    12  stm32f10x_tim.o(.text)
    TIM_ForcedOC4Config                      0x08003c1d   Thumb Code    20  stm32f10x_tim.o(.text)
    TIM_ARRPreloadConfig                     0x08003c31   Thumb Code    20  stm32f10x_tim.o(.text)
    TIM_SelectCOM                            0x08003c45   Thumb Code    20  stm32f10x_tim.o(.text)
    TIM_SelectCCDMA                          0x08003c59   Thumb Code    20  stm32f10x_tim.o(.text)
    TIM_CCPreloadControl                     0x08003c6d   Thumb Code    20  stm32f10x_tim.o(.text)
    TIM_OC1PreloadConfig                     0x08003c81   Thumb Code    32  stm32f10x_tim.o(.text)
    TIM_OC2PreloadConfig                     0x08003ca1   Thumb Code    20  stm32f10x_tim.o(.text)
    TIM_OC3PreloadConfig                     0x08003cb5   Thumb Code    12  stm32f10x_tim.o(.text)
    TIM_OC4PreloadConfig                     0x08003cc1   Thumb Code    20  stm32f10x_tim.o(.text)
    TIM_OC1FastConfig                        0x08003cd5   Thumb Code    12  stm32f10x_tim.o(.text)
    TIM_OC2FastConfig                        0x08003ce1   Thumb Code    20  stm32f10x_tim.o(.text)
    TIM_OC3FastConfig                        0x08003cf5   Thumb Code    12  stm32f10x_tim.o(.text)
    TIM_OC4FastConfig                        0x08003d01   Thumb Code    20  stm32f10x_tim.o(.text)
    TIM_ClearOC1Ref                          0x08003d15   Thumb Code    12  stm32f10x_tim.o(.text)
    TIM_ClearOC2Ref                          0x08003d21   Thumb Code    20  stm32f10x_tim.o(.text)
    TIM_ClearOC3Ref                          0x08003d35   Thumb Code    12  stm32f10x_tim.o(.text)
    TIM_ClearOC4Ref                          0x08003d41   Thumb Code    20  stm32f10x_tim.o(.text)
    TIM_OC1PolarityConfig                    0x08003d55   Thumb Code    12  stm32f10x_tim.o(.text)
    TIM_OC1NPolarityConfig                   0x08003d61   Thumb Code    12  stm32f10x_tim.o(.text)
    TIM_OC2PolarityConfig                    0x08003d6d   Thumb Code    20  stm32f10x_tim.o(.text)
    TIM_OC2NPolarityConfig                   0x08003d81   Thumb Code    20  stm32f10x_tim.o(.text)
    TIM_OC3PolarityConfig                    0x08003d95   Thumb Code    20  stm32f10x_tim.o(.text)
    TIM_OC3NPolarityConfig                   0x08003da9   Thumb Code    20  stm32f10x_tim.o(.text)
    TIM_OC4PolarityConfig                    0x08003dbd   Thumb Code    20  stm32f10x_tim.o(.text)
    TIM_CCxCmd                               0x08003dd1   Thumb Code    22  stm32f10x_tim.o(.text)
    TIM_CCxNCmd                              0x08003de7   Thumb Code    22  stm32f10x_tim.o(.text)
    TIM_SelectOCxM                           0x08003dfd   Thumb Code    70  stm32f10x_tim.o(.text)
    TIM_UpdateDisableConfig                  0x08003e43   Thumb Code    20  stm32f10x_tim.o(.text)
    TIM_UpdateRequestConfig                  0x08003e57   Thumb Code    20  stm32f10x_tim.o(.text)
    TIM_SelectHallSensor                     0x08003e6b   Thumb Code    20  stm32f10x_tim.o(.text)
    TIM_SelectOnePulseMode                   0x08003e7f   Thumb Code    16  stm32f10x_tim.o(.text)
    TIM_SelectOutputTrigger                  0x08003e8f   Thumb Code    16  stm32f10x_tim.o(.text)
    TIM_SelectSlaveMode                      0x08003e9f   Thumb Code    16  stm32f10x_tim.o(.text)
    TIM_SelectMasterSlaveMode                0x08003eaf   Thumb Code    16  stm32f10x_tim.o(.text)
    TIM_SetCounter                           0x08003ebf   Thumb Code     4  stm32f10x_tim.o(.text)
    TIM_SetAutoreload                        0x08003ec3   Thumb Code     4  stm32f10x_tim.o(.text)
    TIM_SetCompare1                          0x08003ec7   Thumb Code     4  stm32f10x_tim.o(.text)
    TIM_SetCompare2                          0x08003ecb   Thumb Code     4  stm32f10x_tim.o(.text)
    TIM_SetCompare3                          0x08003ecf   Thumb Code     4  stm32f10x_tim.o(.text)
    TIM_SetCompare4                          0x08003ed3   Thumb Code     6  stm32f10x_tim.o(.text)
    TIM_SetClockDivision                     0x08003ed9   Thumb Code    16  stm32f10x_tim.o(.text)
    TIM_GetCapture1                          0x08003ee9   Thumb Code     4  stm32f10x_tim.o(.text)
    TIM_GetCapture2                          0x08003eed   Thumb Code     4  stm32f10x_tim.o(.text)
    TIM_GetCapture3                          0x08003ef1   Thumb Code     4  stm32f10x_tim.o(.text)
    TIM_GetCapture4                          0x08003ef5   Thumb Code     6  stm32f10x_tim.o(.text)
    TIM_GetCounter                           0x08003efb   Thumb Code     4  stm32f10x_tim.o(.text)
    TIM_GetPrescaler                         0x08003eff   Thumb Code     4  stm32f10x_tim.o(.text)
    TIM_GetFlagStatus                        0x08003f03   Thumb Code    14  stm32f10x_tim.o(.text)
    TIM_ClearFlag                            0x08003f11   Thumb Code     6  stm32f10x_tim.o(.text)
    TIM_GetITStatus                          0x08003f17   Thumb Code    24  stm32f10x_tim.o(.text)
    TIM_ClearITPendingBit                    0x08003f2f   Thumb Code     6  stm32f10x_tim.o(.text)
    SystemInit                               0x08003ff3   Thumb Code    76  system_stm32f10x.o(.text)
    SystemCoreClockUpdate                    0x0800403f   Thumb Code   134  system_stm32f10x.o(.text)
    Reset_Handler                            0x080040f1   Thumb Code     8  startup_stm32f10x_cl.o(.text)
    ADC1_2_IRQHandler                        0x0800410b   Thumb Code     0  startup_stm32f10x_cl.o(.text)
    CAN1_RX0_IRQHandler                      0x0800410b   Thumb Code     0  startup_stm32f10x_cl.o(.text)
    CAN1_RX1_IRQHandler                      0x0800410b   Thumb Code     0  startup_stm32f10x_cl.o(.text)
    CAN1_SCE_IRQHandler                      0x0800410b   Thumb Code     0  startup_stm32f10x_cl.o(.text)
    CAN1_TX_IRQHandler                       0x0800410b   Thumb Code     0  startup_stm32f10x_cl.o(.text)
    CAN2_RX0_IRQHandler                      0x0800410b   Thumb Code     0  startup_stm32f10x_cl.o(.text)
    CAN2_RX1_IRQHandler                      0x0800410b   Thumb Code     0  startup_stm32f10x_cl.o(.text)
    CAN2_SCE_IRQHandler                      0x0800410b   Thumb Code     0  startup_stm32f10x_cl.o(.text)
    CAN2_TX_IRQHandler                       0x0800410b   Thumb Code     0  startup_stm32f10x_cl.o(.text)
    DMA1_Channel1_IRQHandler                 0x0800410b   Thumb Code     0  startup_stm32f10x_cl.o(.text)
    DMA1_Channel2_IRQHandler                 0x0800410b   Thumb Code     0  startup_stm32f10x_cl.o(.text)
    DMA1_Channel3_IRQHandler                 0x0800410b   Thumb Code     0  startup_stm32f10x_cl.o(.text)
    DMA1_Channel4_IRQHandler                 0x0800410b   Thumb Code     0  startup_stm32f10x_cl.o(.text)
    DMA1_Channel5_IRQHandler                 0x0800410b   Thumb Code     0  startup_stm32f10x_cl.o(.text)
    DMA1_Channel6_IRQHandler                 0x0800410b   Thumb Code     0  startup_stm32f10x_cl.o(.text)
    DMA1_Channel7_IRQHandler                 0x0800410b   Thumb Code     0  startup_stm32f10x_cl.o(.text)
    DMA2_Channel1_IRQHandler                 0x0800410b   Thumb Code     0  startup_stm32f10x_cl.o(.text)
    DMA2_Channel2_IRQHandler                 0x0800410b   Thumb Code     0  startup_stm32f10x_cl.o(.text)
    DMA2_Channel3_IRQHandler                 0x0800410b   Thumb Code     0  startup_stm32f10x_cl.o(.text)
    DMA2_Channel4_IRQHandler                 0x0800410b   Thumb Code     0  startup_stm32f10x_cl.o(.text)
    DMA2_Channel5_IRQHandler                 0x0800410b   Thumb Code     0  startup_stm32f10x_cl.o(.text)
    ETH_IRQHandler                           0x0800410b   Thumb Code     0  startup_stm32f10x_cl.o(.text)
    ETH_WKUP_IRQHandler                      0x0800410b   Thumb Code     0  startup_stm32f10x_cl.o(.text)
    EXTI0_IRQHandler                         0x0800410b   Thumb Code     0  startup_stm32f10x_cl.o(.text)
    EXTI15_10_IRQHandler                     0x0800410b   Thumb Code     0  startup_stm32f10x_cl.o(.text)
    EXTI1_IRQHandler                         0x0800410b   Thumb Code     0  startup_stm32f10x_cl.o(.text)
    EXTI2_IRQHandler                         0x0800410b   Thumb Code     0  startup_stm32f10x_cl.o(.text)
    EXTI3_IRQHandler                         0x0800410b   Thumb Code     0  startup_stm32f10x_cl.o(.text)
    EXTI4_IRQHandler                         0x0800410b   Thumb Code     0  startup_stm32f10x_cl.o(.text)
    EXTI9_5_IRQHandler                       0x0800410b   Thumb Code     0  startup_stm32f10x_cl.o(.text)
    FLASH_IRQHandler                         0x0800410b   Thumb Code     0  startup_stm32f10x_cl.o(.text)
    I2C1_ER_IRQHandler                       0x0800410b   Thumb Code     0  startup_stm32f10x_cl.o(.text)
    I2C1_EV_IRQHandler                       0x0800410b   Thumb Code     0  startup_stm32f10x_cl.o(.text)
    I2C2_ER_IRQHandler                       0x0800410b   Thumb Code     0  startup_stm32f10x_cl.o(.text)
    I2C2_EV_IRQHandler                       0x0800410b   Thumb Code     0  startup_stm32f10x_cl.o(.text)
    OTG_FS_IRQHandler                        0x0800410b   Thumb Code     0  startup_stm32f10x_cl.o(.text)
    OTG_FS_WKUP_IRQHandler                   0x0800410b   Thumb Code     0  startup_stm32f10x_cl.o(.text)
    PVD_IRQHandler                           0x0800410b   Thumb Code     0  startup_stm32f10x_cl.o(.text)
    RCC_IRQHandler                           0x0800410b   Thumb Code     0  startup_stm32f10x_cl.o(.text)
    RTCAlarm_IRQHandler                      0x0800410b   Thumb Code     0  startup_stm32f10x_cl.o(.text)
    RTC_IRQHandler                           0x0800410b   Thumb Code     0  startup_stm32f10x_cl.o(.text)
    SPI1_IRQHandler                          0x0800410b   Thumb Code     0  startup_stm32f10x_cl.o(.text)
    SPI2_IRQHandler                          0x0800410b   Thumb Code     0  startup_stm32f10x_cl.o(.text)
    SPI3_IRQHandler                          0x0800410b   Thumb Code     0  startup_stm32f10x_cl.o(.text)
    TAMPER_IRQHandler                        0x0800410b   Thumb Code     0  startup_stm32f10x_cl.o(.text)
    TIM1_BRK_IRQHandler                      0x0800410b   Thumb Code     0  startup_stm32f10x_cl.o(.text)
    TIM1_CC_IRQHandler                       0x0800410b   Thumb Code     0  startup_stm32f10x_cl.o(.text)
    TIM1_TRG_COM_IRQHandler                  0x0800410b   Thumb Code     0  startup_stm32f10x_cl.o(.text)
    TIM1_UP_IRQHandler                       0x0800410b   Thumb Code     0  startup_stm32f10x_cl.o(.text)
    TIM2_IRQHandler                          0x0800410b   Thumb Code     0  startup_stm32f10x_cl.o(.text)
    TIM3_IRQHandler                          0x0800410b   Thumb Code     0  startup_stm32f10x_cl.o(.text)
    TIM4_IRQHandler                          0x0800410b   Thumb Code     0  startup_stm32f10x_cl.o(.text)
    TIM5_IRQHandler                          0x0800410b   Thumb Code     0  startup_stm32f10x_cl.o(.text)
    TIM6_IRQHandler                          0x0800410b   Thumb Code     0  startup_stm32f10x_cl.o(.text)
    TIM7_IRQHandler                          0x0800410b   Thumb Code     0  startup_stm32f10x_cl.o(.text)
    UART4_IRQHandler                         0x0800410b   Thumb Code     0  startup_stm32f10x_cl.o(.text)
    UART5_IRQHandler                         0x0800410b   Thumb Code     0  startup_stm32f10x_cl.o(.text)
    USART1_IRQHandler                        0x0800410b   Thumb Code     0  startup_stm32f10x_cl.o(.text)
    USART3_IRQHandler                        0x0800410b   Thumb Code     0  startup_stm32f10x_cl.o(.text)
    WWDG_IRQHandler                          0x0800410b   Thumb Code     0  startup_stm32f10x_cl.o(.text)
    __user_initial_stackheap                 0x0800410d   Thumb Code     0  startup_stm32f10x_cl.o(.text)
    __2printf                                0x08004131   Thumb Code    20  noretval__2printf.o(.text)
    __2sprintf                               0x08004149   Thumb Code    34  noretval__2sprintf.o(.text)
    __printf                                 0x08004171   Thumb Code   104  __printf.o(.text)
    _printf_int_dec                          0x080041d9   Thumb Code   104  _printf_dec.o(.text)
    putc                                     0x08004251   Thumb Code     4  putc.o(.text)
    strlen                                   0x08004255   Thumb Code    62  strlen.o(.text)
    __aeabi_memclr4                          0x08004293   Thumb Code     0  rt_memclr_w.o(.text)
    __aeabi_memclr8                          0x08004293   Thumb Code     0  rt_memclr_w.o(.text)
    __rt_memclr_w                            0x08004293   Thumb Code    78  rt_memclr_w.o(.text)
    _memset_w                                0x08004297   Thumb Code     0  rt_memclr_w.o(.text)
    __use_two_region_memory                  0x080042e1   Thumb Code     2  heapauxi.o(.text)
    __rt_heap_escrow$2region                 0x080042e3   Thumb Code     2  heapauxi.o(.text)
    __rt_heap_expand$2region                 0x080042e5   Thumb Code     2  heapauxi.o(.text)
    __read_errno                             0x080042e7   Thumb Code    10  _rserrno.o(.text)
    __set_errno                              0x080042f1   Thumb Code    12  _rserrno.o(.text)
    _printf_int_common                       0x080042fd   Thumb Code   178  _printf_intcommon.o(.text)
    _printf_char_common                      0x080043bb   Thumb Code    32  _printf_char_common.o(.text)
    _sputc                                   0x080043e1   Thumb Code    10  _sputc.o(.text)
    _printf_char_file                        0x080043ed   Thumb Code    32  _printf_char_file.o(.text)
    __aeabi_errno_addr                       0x08004411   Thumb Code     8  rt_errno_addr_intlibspace.o(.text)
    __errno$intlibspace                      0x08004411   Thumb Code     0  rt_errno_addr_intlibspace.o(.text)
    __rt_errno_addr$intlibspace              0x08004411   Thumb Code     0  rt_errno_addr_intlibspace.o(.text)
    __user_libspace                          0x08004419   Thumb Code     8  libspace.o(.text)
    __user_perproc_libspace                  0x08004419   Thumb Code     0  libspace.o(.text)
    __user_perthread_libspace                0x08004419   Thumb Code     0  libspace.o(.text)
    __user_setup_stackheap                   0x08004421   Thumb Code    74  sys_stackheap_outer.o(.text)
    exit                                     0x0800446b   Thumb Code    18  exit.o(.text)
    __ARM_fpclassify                         0x0800447d   Thumb Code    40  fpclassify.o(i.__ARM_fpclassify)
    __kernel_poly                            0x080044a5   Thumb Code   170  poly.o(i.__kernel_poly)
    __mathlib_dbl_divzero                    0x08004551   Thumb Code    12  dunder.o(i.__mathlib_dbl_divzero)
    __mathlib_dbl_infnan2                    0x08004561   Thumb Code     4  dunder.o(i.__mathlib_dbl_infnan2)
    __mathlib_dbl_invalid                    0x08004565   Thumb Code    12  dunder.o(i.__mathlib_dbl_invalid)
    __mathlib_dbl_overflow                   0x08004571   Thumb Code    14  dunder.o(i.__mathlib_dbl_overflow)
    __mathlib_dbl_underflow                  0x08004581   Thumb Code    10  dunder.o(i.__mathlib_dbl_underflow)
    pow                                      0x08004591   Thumb Code  2512  pow.o(i.pow)
    sqrt                                     0x08004f69   Thumb Code    76  sqrt.o(i.sqrt)
    __aeabi_dadd                             0x08004fb5   Thumb Code     0  daddsub_clz.o(x$fpl$dadd)
    _dadd                                    0x08004fb5   Thumb Code   332  daddsub_clz.o(x$fpl$dadd)
    __fpl_dcheck_NaN1                        0x08005105   Thumb Code    10  dcheck1.o(x$fpl$dcheck1)
    __fpl_dcmp_Inf                           0x08005115   Thumb Code    24  dcmpi.o(x$fpl$dcmpinf)
    __aeabi_ddiv                             0x0800512d   Thumb Code     0  ddiv.o(x$fpl$ddiv)
    _ddiv                                    0x0800512d   Thumb Code   552  ddiv.o(x$fpl$ddiv)
    __aeabi_d2iz                             0x080053dd   Thumb Code     0  dfix.o(x$fpl$dfix)
    _dfix                                    0x080053dd   Thumb Code    94  dfix.o(x$fpl$dfix)
    __aeabi_d2uiz                            0x0800543d   Thumb Code     0  dfixu.o(x$fpl$dfixu)
    _dfixu                                   0x0800543d   Thumb Code    90  dfixu.o(x$fpl$dfixu)
    __aeabi_i2d                              0x08005497   Thumb Code     0  dflt_clz.o(x$fpl$dflt)
    _dflt                                    0x08005497   Thumb Code    46  dflt_clz.o(x$fpl$dflt)
    __aeabi_ui2d                             0x080054c5   Thumb Code     0  dflt_clz.o(x$fpl$dfltu)
    _dfltu                                   0x080054c5   Thumb Code    38  dflt_clz.o(x$fpl$dfltu)
    __aeabi_cdcmple                          0x080054ed   Thumb Code     0  dleqf.o(x$fpl$dleqf)
    _dcmple                                  0x080054ed   Thumb Code   120  dleqf.o(x$fpl$dleqf)
    __fpl_dcmple_InfNaN                      0x0800554f   Thumb Code     0  dleqf.o(x$fpl$dleqf)
    __aeabi_dmul                             0x08005565   Thumb Code     0  dmul.o(x$fpl$dmul)
    _dmul                                    0x08005565   Thumb Code   332  dmul.o(x$fpl$dmul)
    __fpl_dnaninf                            0x080056b9   Thumb Code   156  dnaninf.o(x$fpl$dnaninf)
    __fpl_dretinf                            0x08005755   Thumb Code    12  dretinf.o(x$fpl$dretinf)
    __aeabi_cdrcmple                         0x08005761   Thumb Code     0  drleqf.o(x$fpl$drleqf)
    _drcmple                                 0x08005761   Thumb Code   108  drleqf.o(x$fpl$drleqf)
    __aeabi_drsub                            0x080057cd   Thumb Code     0  daddsub_clz.o(x$fpl$drsb)
    _drsb                                    0x080057cd   Thumb Code    22  daddsub_clz.o(x$fpl$drsb)
    _dsqrt                                   0x080057e5   Thumb Code   456  dsqrt_noumaal.o(x$fpl$dsqrt)
    __aeabi_dsub                             0x080059b1   Thumb Code     0  daddsub_clz.o(x$fpl$dsub)
    _dsub                                    0x080059b1   Thumb Code   464  daddsub_clz.o(x$fpl$dsub)
    __aeabi_fadd                             0x08005b85   Thumb Code     0  faddsub_clz.o(x$fpl$fadd)
    _fadd                                    0x08005b85   Thumb Code   196  faddsub_clz.o(x$fpl$fadd)
    __fpl_fcheck_NaN1                        0x08005c49   Thumb Code     6  fcheck1.o(x$fpl$fcheck1)
    __aeabi_fdiv                             0x08005c55   Thumb Code     0  fdiv.o(x$fpl$fdiv)
    _fdiv                                    0x08005c55   Thumb Code   384  fdiv.o(x$fpl$fdiv)
    __aeabi_f2iz                             0x08005dd9   Thumb Code     0  ffix.o(x$fpl$ffix)
    _ffix                                    0x08005dd9   Thumb Code    54  ffix.o(x$fpl$ffix)
    __aeabi_f2uiz                            0x08005e11   Thumb Code     0  ffixu.o(x$fpl$ffixu)
    _ffixu                                   0x08005e11   Thumb Code    62  ffixu.o(x$fpl$ffixu)
    __aeabi_i2f                              0x08005e51   Thumb Code     0  fflt_clz.o(x$fpl$fflt)
    _fflt                                    0x08005e51   Thumb Code    48  fflt_clz.o(x$fpl$fflt)
    __aeabi_ui2f                             0x08005e81   Thumb Code     0  fflt_clz.o(x$fpl$ffltu)
    _ffltu                                   0x08005e81   Thumb Code    38  fflt_clz.o(x$fpl$ffltu)
    __aeabi_fmul                             0x08005ea9   Thumb Code     0  fmul.o(x$fpl$fmul)
    _fmul                                    0x08005ea9   Thumb Code   258  fmul.o(x$fpl$fmul)
    __fpl_fnaninf                            0x08005fab   Thumb Code   140  fnaninf.o(x$fpl$fnaninf)
    __fpl_fretinf                            0x08006037   Thumb Code    10  fretinf.o(x$fpl$fretinf)
    __aeabi_frsub                            0x08006041   Thumb Code     0  faddsub_clz.o(x$fpl$frsb)
    _frsb                                    0x08006041   Thumb Code    20  faddsub_clz.o(x$fpl$frsb)
    __aeabi_fsub                             0x08006055   Thumb Code     0  faddsub_clz.o(x$fpl$fsub)
    _fsub                                    0x08006055   Thumb Code   234  faddsub_clz.o(x$fpl$fsub)
    __fpl_return_NaN                         0x0800613f   Thumb Code   100  retnan.o(x$fpl$retnan)
    __ARM_scalbn                             0x080061a3   Thumb Code    92  scalbn.o(x$fpl$scalbn)
    __ARM_scalbnf                            0x080061ff   Thumb Code    76  scalbnf.o(x$fpl$scalbnf)
    __fpl_cmpreturn                          0x0800624b   Thumb Code    48  trapv.o(x$fpl$trapveneer)
    ASCII16x24_Table                         0x0800627a   Data        4608  fonts.o(.constdata)
    __I$use$fp                               0x0800627a   Number         0  usenofp.o(x$fpl$usenofp)
    ASCII8x8_Table                           0x0800747a   Data         768  fonts.o(.constdata)
    WelcomeStr                               0x0800777a   Data         936  lcd.o(.constdata)
    ButtonPlus                               0x08007b22   Data           2  systemui.o(.constdata)
    ButtonMinus                              0x08007b24   Data           2  systemui.o(.constdata)
    Celsius                                  0x08007b26   Data           2  systemui.o(.constdata)
    Header_1                                 0x08007b28   Data          21  systemui.o(.constdata)
    BlankLine                                0x08007b3d   Data          21  systemui.o(.constdata)
    Him                                      0x08007b52   Data          10  systemui.o(.constdata)
    Tem                                      0x08007b5c   Data          13  systemui.o(.constdata)
    NowTem                                   0x08007b69   Data           9  systemui.o(.constdata)
    __mathlib_zero                           0x08007c00   Data           8  qnan.o(.constdata)
    Region$$Table$$Base                      0x08007c08   Number         0  anon$$obj.o(Region$$Table)
    Region$$Table$$Limit                     0x08007c28   Number         0  anon$$obj.o(Region$$Table)
    USART2_RX_CNT                            0x20000000   Data           1  main.o(.data)
    USART2_RX_STA                            0x20000002   Data           2  main.o(.data)
    i                                        0x20000004   Data           4  main.o(.data)
    POR                                      0x20000008   Data           4  main.o(.data)
    last_i                                   0x2000000c   Data           4  main.o(.data)
    ASCII24X48_Table                         0x20000010   Data       13824  fonts.o(.data)
    ASCII12x24_Table                         0x20003610   Data        4608  fonts.o(.data)
    Font24x48                                0x20004810   Data           8  fonts.o(.data)
    Font16x24                                0x20004818   Data           8  fonts.o(.data)
    Font12x24                                0x20004820   Data           8  fonts.o(.data)
    Font8x8                                  0x20004828   Data           8  fonts.o(.data)
    LCD_Currentfonts                         0x20004838   Data           4  lcd.o(.data)
    xoff                                     0x2000483c   Data           2  touch.o(.data)
    yoff                                     0x2000483e   Data           2  touch.o(.data)
    xfac                                     0x20004840   Data           4  touch.o(.data)
    yfac                                     0x20004844   Data           4  touch.o(.data)
    __stdout                                 0x20004848   Data           4  usart.o(.data)
    gTimingDelay                             0x2000484c   Data           4  timer.o(.data)
    SystemCoreClock                          0x20004868   Data           4  system_stm32f10x.o(.data)
    AHBPrescTable                            0x2000486c   Data          16  system_stm32f10x.o(.data)
    USART2_RX_BUF                            0x2000487c   Data         250  main.o(.bss)
    SendBuff                                 0x20004976   Data        5200  usart.o(.bss)
    __libspace_start                         0x20005dc8   Data          96  libspace.o(.bss)
    __temporary_stack_top$libspace           0x20005e28   Data           0  libspace.o(.bss)



==============================================================================

Memory Map of the image

  Image Entry point : 0x08000151

  Load Region LR_IROM1 (Base: 0x08000000, Size: 0x0000c4a4, Max: 0x00040000, ABSOLUTE, COMPRESSED[0x00009280])

    Execution Region ER_IROM1 (Exec base: 0x08000000, Load base: 0x08000000, Size: 0x00007c28, Max: 0x00040000, ABSOLUTE)

    Exec Addr    Load Addr    Size         Type   Attr      Idx    E Section Name        Object

    0x08000000   0x08000000   0x00000150   Data   RO          691    RESET               startup_stm32f10x_cl.o
    0x08000150   0x08000150   0x00000008   Code   RO          740  * !!!main             c_w.l(__main.o)
    0x08000158   0x08000158   0x00000034   Code   RO         1033    !!!scatter          c_w.l(__scatter.o)
    0x0800018c   0x0800018c   0x00000064   Code   RO         1031    !!dclz77c           c_w.l(__dclz77c.o)
    0x080001f0   0x080001f0   0x0000001c   Code   RO         1035    !!handler_zi        c_w.l(__scatter_zi.o)
    0x0800020c   0x0800020c   0x00000000   Code   RO          731    .ARM.Collect$$_printf_percent$$00000000  c_w.l(_printf_percent.o)
    0x0800020c   0x0800020c   0x00000006   Code   RO          730    .ARM.Collect$$_printf_percent$$00000009  c_w.l(_printf_d.o)
    0x08000212   0x08000212   0x00000004   Code   RO          821    .ARM.Collect$$_printf_percent$$00000017  c_w.l(_printf_percent_end.o)
    0x08000216   0x08000216   0x00000002   Code   RO          904    .ARM.Collect$$libinit$$00000000  c_w.l(libinit.o)
    0x08000218   0x08000218   0x00000000   Code   RO          910    .ARM.Collect$$libinit$$00000002  c_w.l(libinit2.o)
    0x08000218   0x08000218   0x00000000   Code   RO          912    .ARM.Collect$$libinit$$00000004  c_w.l(libinit2.o)
    0x08000218   0x08000218   0x00000000   Code   RO          915    .ARM.Collect$$libinit$$0000000A  c_w.l(libinit2.o)
    0x08000218   0x08000218   0x00000000   Code   RO          917    .ARM.Collect$$libinit$$0000000C  c_w.l(libinit2.o)
    0x08000218   0x08000218   0x00000000   Code   RO          919    .ARM.Collect$$libinit$$0000000E  c_w.l(libinit2.o)
    0x08000218   0x08000218   0x00000000   Code   RO          922    .ARM.Collect$$libinit$$00000011  c_w.l(libinit2.o)
    0x08000218   0x08000218   0x00000000   Code   RO          924    .ARM.Collect$$libinit$$00000013  c_w.l(libinit2.o)
    0x08000218   0x08000218   0x00000000   Code   RO          926    .ARM.Collect$$libinit$$00000015  c_w.l(libinit2.o)
    0x08000218   0x08000218   0x00000000   Code   RO          928    .ARM.Collect$$libinit$$00000017  c_w.l(libinit2.o)
    0x08000218   0x08000218   0x00000000   Code   RO          930    .ARM.Collect$$libinit$$00000019  c_w.l(libinit2.o)
    0x08000218   0x08000218   0x00000000   Code   RO          932    .ARM.Collect$$libinit$$0000001B  c_w.l(libinit2.o)
    0x08000218   0x08000218   0x00000000   Code   RO          934    .ARM.Collect$$libinit$$0000001D  c_w.l(libinit2.o)
    0x08000218   0x08000218   0x00000000   Code   RO          936    .ARM.Collect$$libinit$$0000001F  c_w.l(libinit2.o)
    0x08000218   0x08000218   0x00000000   Code   RO          938    .ARM.Collect$$libinit$$00000021  c_w.l(libinit2.o)
    0x08000218   0x08000218   0x00000000   Code   RO          940    .ARM.Collect$$libinit$$00000023  c_w.l(libinit2.o)
    0x08000218   0x08000218   0x00000000   Code   RO          942    .ARM.Collect$$libinit$$00000025  c_w.l(libinit2.o)
    0x08000218   0x08000218   0x00000000   Code   RO          946    .ARM.Collect$$libinit$$0000002C  c_w.l(libinit2.o)
    0x08000218   0x08000218   0x00000000   Code   RO          948    .ARM.Collect$$libinit$$0000002E  c_w.l(libinit2.o)
    0x08000218   0x08000218   0x00000000   Code   RO          950    .ARM.Collect$$libinit$$00000030  c_w.l(libinit2.o)
    0x08000218   0x08000218   0x00000000   Code   RO          952    .ARM.Collect$$libinit$$00000032  c_w.l(libinit2.o)
    0x08000218   0x08000218   0x00000002   Code   RO          953    .ARM.Collect$$libinit$$00000033  c_w.l(libinit2.o)
    0x0800021a   0x0800021a   0x00000002   Code   RO          971    .ARM.Collect$$libshutdown$$00000000  c_w.l(libshutdown.o)
    0x0800021c   0x0800021c   0x00000000   Code   RO          981    .ARM.Collect$$libshutdown$$00000002  c_w.l(libshutdown2.o)
    0x0800021c   0x0800021c   0x00000000   Code   RO          983    .ARM.Collect$$libshutdown$$00000004  c_w.l(libshutdown2.o)
    0x0800021c   0x0800021c   0x00000000   Code   RO          986    .ARM.Collect$$libshutdown$$00000007  c_w.l(libshutdown2.o)
    0x0800021c   0x0800021c   0x00000000   Code   RO          989    .ARM.Collect$$libshutdown$$0000000A  c_w.l(libshutdown2.o)
    0x0800021c   0x0800021c   0x00000000   Code   RO          991    .ARM.Collect$$libshutdown$$0000000C  c_w.l(libshutdown2.o)
    0x0800021c   0x0800021c   0x00000000   Code   RO          994    .ARM.Collect$$libshutdown$$0000000F  c_w.l(libshutdown2.o)
    0x0800021c   0x0800021c   0x00000002   Code   RO          995    .ARM.Collect$$libshutdown$$00000010  c_w.l(libshutdown2.o)
    0x0800021e   0x0800021e   0x00000000   Code   RO          810    .ARM.Collect$$rtentry$$00000000  c_w.l(__rtentry.o)
    0x0800021e   0x0800021e   0x00000000   Code   RO          865    .ARM.Collect$$rtentry$$00000002  c_w.l(__rtentry2.o)
    0x0800021e   0x0800021e   0x00000006   Code   RO          877    .ARM.Collect$$rtentry$$00000004  c_w.l(__rtentry4.o)
    0x08000224   0x08000224   0x00000000   Code   RO          867    .ARM.Collect$$rtentry$$00000009  c_w.l(__rtentry2.o)
    0x08000224   0x08000224   0x00000004   Code   RO          868    .ARM.Collect$$rtentry$$0000000A  c_w.l(__rtentry2.o)
    0x08000228   0x08000228   0x00000000   Code   RO          870    .ARM.Collect$$rtentry$$0000000C  c_w.l(__rtentry2.o)
    0x08000228   0x08000228   0x00000008   Code   RO          871    .ARM.Collect$$rtentry$$0000000D  c_w.l(__rtentry2.o)
    0x08000230   0x08000230   0x00000002   Code   RO          907    .ARM.Collect$$rtexit$$00000000  c_w.l(rtexit.o)
    0x08000232   0x08000232   0x00000000   Code   RO          955    .ARM.Collect$$rtexit$$00000002  c_w.l(rtexit2.o)
    0x08000232   0x08000232   0x00000004   Code   RO          956    .ARM.Collect$$rtexit$$00000003  c_w.l(rtexit2.o)
    0x08000236   0x08000236   0x00000006   Code   RO          957    .ARM.Collect$$rtexit$$00000004  c_w.l(rtexit2.o)
    0x0800023c   0x0800023c   0x00000010   Code   RO            1    .text               stm32f10x_it.o
    0x0800024c   0x0800024c   0x000001a4   Code   RO          104    .text               main.o
    0x080003f0   0x080003f0   0x00001484   Code   RO          196    .text               lcd.o
    0x08001874   0x08001874   0x000002bc   Code   RO          219    .text               systemui.o
    0x08001b30   0x08001b30   0x00000644   Code   RO          257    .text               touch.o
    0x08002174   0x08002174   0x00000198   Code   RO          279    .text               usart.o
    0x0800230c   0x0800230c   0x00000164   Code   RO          300    .text               dht11.o
    0x08002470   0x08002470   0x000000dc   Code   RO          313    .text               timer.o
    0x0800254c   0x0800254c   0x0000008c   Code   RO          333    .text               systick.o
    0x080025d8   0x080025d8   0x00000044   Code   RO          348    .text               bee.o
    0x0800261c   0x0800261c   0x00000368   Code   RO          360    .text               stm32f10x_rcc.o
    0x08002984   0x08002984   0x00000264   Code   RO          374    .text               stm32f10x_gpio.o
    0x08002be8   0x08002be8   0x000000b0   Code   RO          386    .text               misc.o
    0x08002c98   0x08002c98   0x000002bc   Code   RO          410    .text               stm32f10x_spi.o
    0x08002f54   0x08002f54   0x00000328   Code   RO          434    .text               stm32f10x_usart.o
    0x0800327c   0x0800327c   0x000001c8   Code   RO          458    .text               stm32f10x_dma.o
    0x08003444   0x08003444   0x00000af0   Code   RO          616    .text               stm32f10x_tim.o
    0x08003f34   0x08003f34   0x000001bc   Code   RO          652    .text               system_stm32f10x.o
    0x080040f0   0x080040f0   0x00000040   Code   RO          692    .text               startup_stm32f10x_cl.o
    0x08004130   0x08004130   0x00000018   Code   RO          702    .text               c_w.l(noretval__2printf.o)
    0x08004148   0x08004148   0x00000028   Code   RO          704    .text               c_w.l(noretval__2sprintf.o)
    0x08004170   0x08004170   0x00000068   Code   RO          706    .text               c_w.l(__printf.o)
    0x080041d8   0x080041d8   0x00000078   Code   RO          708    .text               c_w.l(_printf_dec.o)
    0x08004250   0x08004250   0x00000004   Code   RO          732    .text               c_w.l(putc.o)
    0x08004254   0x08004254   0x0000003e   Code   RO          734    .text               c_w.l(strlen.o)
    0x08004292   0x08004292   0x0000004e   Code   RO          736    .text               c_w.l(rt_memclr_w.o)
    0x080042e0   0x080042e0   0x00000006   Code   RO          738    .text               c_w.l(heapauxi.o)
    0x080042e6   0x080042e6   0x00000016   Code   RO          811    .text               c_w.l(_rserrno.o)
    0x080042fc   0x080042fc   0x000000b2   Code   RO          813    .text               c_w.l(_printf_intcommon.o)
    0x080043ae   0x080043ae   0x00000002   PAD
    0x080043b0   0x080043b0   0x00000030   Code   RO          815    .text               c_w.l(_printf_char_common.o)
    0x080043e0   0x080043e0   0x0000000a   Code   RO          817    .text               c_w.l(_sputc.o)
    0x080043ea   0x080043ea   0x00000002   PAD
    0x080043ec   0x080043ec   0x00000024   Code   RO          819    .text               c_w.l(_printf_char_file.o)
    0x08004410   0x08004410   0x00000008   Code   RO          882    .text               c_w.l(rt_errno_addr_intlibspace.o)
    0x08004418   0x08004418   0x00000008   Code   RO          892    .text               c_w.l(libspace.o)
    0x08004420   0x08004420   0x0000004a   Code   RO          895    .text               c_w.l(sys_stackheap_outer.o)
    0x0800446a   0x0800446a   0x00000012   Code   RO          897    .text               c_w.l(exit.o)
    0x0800447c   0x0800447c   0x00000028   Code   RO          859    i.__ARM_fpclassify  m_ws.l(fpclassify.o)
    0x080044a4   0x080044a4   0x000000aa   Code   RO          861    i.__kernel_poly     m_ws.l(poly.o)
    0x0800454e   0x0800454e   0x00000002   PAD
    0x08004550   0x08004550   0x00000010   Code   RO          845    i.__mathlib_dbl_divzero  m_ws.l(dunder.o)
    0x08004560   0x08004560   0x00000004   Code   RO          847    i.__mathlib_dbl_infnan2  m_ws.l(dunder.o)
    0x08004564   0x08004564   0x0000000c   Code   RO          848    i.__mathlib_dbl_invalid  m_ws.l(dunder.o)
    0x08004570   0x08004570   0x0000000e   Code   RO          849    i.__mathlib_dbl_overflow  m_ws.l(dunder.o)
    0x0800457e   0x0800457e   0x00000002   PAD
    0x08004580   0x08004580   0x00000010   Code   RO          851    i.__mathlib_dbl_underflow  m_ws.l(dunder.o)
    0x08004590   0x08004590   0x000009d8   Code   RO          793    i.pow               m_ws.l(pow.o)
    0x08004f68   0x08004f68   0x0000004c   Code   RO          803    i.sqrt              m_ws.l(sqrt.o)
    0x08004fb4   0x08004fb4   0x00000150   Code   RO          742    x$fpl$dadd          fz_ws.l(daddsub_clz.o)
    0x08005104   0x08005104   0x00000010   Code   RO          886    x$fpl$dcheck1       fz_ws.l(dcheck1.o)
    0x08005114   0x08005114   0x00000018   Code   RO          888    x$fpl$dcmpinf       fz_ws.l(dcmpi.o)
    0x0800512c   0x0800512c   0x000002b0   Code   RO          823    x$fpl$ddiv          fz_ws.l(ddiv.o)
    0x080053dc   0x080053dc   0x0000005e   Code   RO          748    x$fpl$dfix          fz_ws.l(dfix.o)
    0x0800543a   0x0800543a   0x00000002   PAD
    0x0800543c   0x0800543c   0x0000005a   Code   RO          752    x$fpl$dfixu         fz_ws.l(dfixu.o)
    0x08005496   0x08005496   0x0000002e   Code   RO          757    x$fpl$dflt          fz_ws.l(dflt_clz.o)
    0x080054c4   0x080054c4   0x00000026   Code   RO          756    x$fpl$dfltu         fz_ws.l(dflt_clz.o)
    0x080054ea   0x080054ea   0x00000002   PAD
    0x080054ec   0x080054ec   0x00000078   Code   RO          826    x$fpl$dleqf         fz_ws.l(dleqf.o)
    0x08005564   0x08005564   0x00000154   Code   RO          762    x$fpl$dmul          fz_ws.l(dmul.o)
    0x080056b8   0x080056b8   0x0000009c   Code   RO          828    x$fpl$dnaninf       fz_ws.l(dnaninf.o)
    0x08005754   0x08005754   0x0000000c   Code   RO          830    x$fpl$dretinf       fz_ws.l(dretinf.o)
    0x08005760   0x08005760   0x0000006c   Code   RO          832    x$fpl$drleqf        fz_ws.l(drleqf.o)
    0x080057cc   0x080057cc   0x00000016   Code   RO          743    x$fpl$drsb          fz_ws.l(daddsub_clz.o)
    0x080057e2   0x080057e2   0x00000002   PAD
    0x080057e4   0x080057e4   0x000001cc   Code   RO          834    x$fpl$dsqrt         fz_ws.l(dsqrt_noumaal.o)
    0x080059b0   0x080059b0   0x000001d4   Code   RO          744    x$fpl$dsub          fz_ws.l(daddsub_clz.o)
    0x08005b84   0x08005b84   0x000000c4   Code   RO          764    x$fpl$fadd          fz_ws.l(faddsub_clz.o)
    0x08005c48   0x08005c48   0x0000000c   Code   RO          836    x$fpl$fcheck1       fz_ws.l(fcheck1.o)
    0x08005c54   0x08005c54   0x00000184   Code   RO          771    x$fpl$fdiv          fz_ws.l(fdiv.o)
    0x08005dd8   0x08005dd8   0x00000036   Code   RO          774    x$fpl$ffix          fz_ws.l(ffix.o)
    0x08005e0e   0x08005e0e   0x00000002   PAD
    0x08005e10   0x08005e10   0x0000003e   Code   RO          778    x$fpl$ffixu         fz_ws.l(ffixu.o)
    0x08005e4e   0x08005e4e   0x00000002   PAD
    0x08005e50   0x08005e50   0x00000030   Code   RO          783    x$fpl$fflt          fz_ws.l(fflt_clz.o)
    0x08005e80   0x08005e80   0x00000026   Code   RO          782    x$fpl$ffltu         fz_ws.l(fflt_clz.o)
    0x08005ea6   0x08005ea6   0x00000002   PAD
    0x08005ea8   0x08005ea8   0x00000102   Code   RO          788    x$fpl$fmul          fz_ws.l(fmul.o)
    0x08005faa   0x08005faa   0x0000008c   Code   RO          838    x$fpl$fnaninf       fz_ws.l(fnaninf.o)
    0x08006036   0x08006036   0x0000000a   Code   RO          840    x$fpl$fretinf       fz_ws.l(fretinf.o)
    0x08006040   0x08006040   0x00000014   Code   RO          765    x$fpl$frsb          fz_ws.l(faddsub_clz.o)
    0x08006054   0x08006054   0x000000ea   Code   RO          766    x$fpl$fsub          fz_ws.l(faddsub_clz.o)
    0x0800613e   0x0800613e   0x00000064   Code   RO          890    x$fpl$retnan        fz_ws.l(retnan.o)
    0x080061a2   0x080061a2   0x0000005c   Code   RO          842    x$fpl$scalbn        fz_ws.l(scalbn.o)
    0x080061fe   0x080061fe   0x0000004c   Code   RO          790    x$fpl$scalbnf       fz_ws.l(scalbnf.o)
    0x0800624a   0x0800624a   0x00000030   Code   RO          905    x$fpl$trapveneer    fz_ws.l(trapv.o)
    0x0800627a   0x0800627a   0x00000000   Code   RO          844    x$fpl$usenofp       fz_ws.l(usenofp.o)
    0x0800627a   0x0800627a   0x00001200   Data   RO          172    .constdata          fonts.o
    0x0800747a   0x0800747a   0x00000300   Data   RO          174    .constdata          fonts.o
    0x0800777a   0x0800777a   0x000003a8   Data   RO          197    .constdata          lcd.o
    0x08007b22   0x08007b22   0x00000050   Data   RO          220    .constdata          systemui.o
    0x08007b72   0x08007b72   0x00000006   PAD
    0x08007b78   0x08007b78   0x00000088   Data   RO          794    .constdata          m_ws.l(pow.o)
    0x08007c00   0x08007c00   0x00000008   Data   RO          863    .constdata          m_ws.l(qnan.o)
    0x08007c08   0x08007c08   0x00000020   Data   RO         1029    Region$$Table       anon$$obj.o


    Execution Region RW_IRAM1 (Exec base: 0x20000000, Load base: 0x08007c28, Size: 0x00006428, Max: 0x00010000, ABSOLUTE, COMPRESSED[0x00001658])

    Exec Addr    Load Addr    Size         Type   Attr      Idx    E Section Name        Object

    0x20000000   COMPRESSED   0x00000010   Data   RW          106    .data               main.o
    0x20000010   COMPRESSED   0x00003600   Data   RW          175    .data               fonts.o
    0x20003610   COMPRESSED   0x00001200   Data   RW          176    .data               fonts.o
    0x20004810   COMPRESSED   0x00000008   Data   RW          178    .data               fonts.o
    0x20004818   COMPRESSED   0x00000008   Data   RW          179    .data               fonts.o
    0x20004820   COMPRESSED   0x00000008   Data   RW          180    .data               fonts.o
    0x20004828   COMPRESSED   0x00000008   Data   RW          183    .data               fonts.o
    0x20004830   COMPRESSED   0x0000000c   Data   RW          198    .data               lcd.o
    0x2000483c   COMPRESSED   0x0000000c   Data   RW          258    .data               touch.o
    0x20004848   COMPRESSED   0x00000004   Data   RW          281    .data               usart.o
    0x2000484c   COMPRESSED   0x00000004   Data   RW          314    .data               timer.o
    0x20004850   COMPRESSED   0x00000004   Data   RW          334    .data               systick.o
    0x20004854   COMPRESSED   0x00000014   Data   RW          361    .data               stm32f10x_rcc.o
    0x20004868   COMPRESSED   0x00000014   Data   RW          653    .data               system_stm32f10x.o
    0x2000487c        -       0x000000fa   Zero   RW          105    .bss                main.o
    0x20004976        -       0x00001450   Zero   RW          280    .bss                usart.o
    0x20005dc6   COMPRESSED   0x00000002   PAD
    0x20005dc8        -       0x00000060   Zero   RW          893    .bss                c_w.l(libspace.o)
    0x20005e28        -       0x00000200   Zero   RW          690    HEAP                startup_stm32f10x_cl.o
    0x20006028        -       0x00000400   Zero   RW          689    STACK               startup_stm32f10x_cl.o

